20 {'n_scm': 14, 'n_U0': 52, 'n_full_enum': 13, 'n_query_pos': 109, 'n_trial': 4338, 'n_stamped': 3047, 'n_pos': 3019, 'n_Dcheck': 5509, 'n_rejected': 1291, 'n_moved': 438, 'O_lost': 114, 'n_abort': 28, 'n_abort_unamen': 28} 0.7
60 {'n_scm': 47, 'n_U0': 186, 'n_full_enum': 45, 'n_query_pos': 337, 'n_trial': 11340, 'n_stamped': 8826, 'n_pos': 8646, 'n_Dcheck': 20634, 'n_rejected': 2514, 'n_moved': 1356, 'O_lost': 370, 'n_abort': 180, 'n_abort_unamen': 180, 'cn_shrink': 40} 2.4
80 {'n_scm': 65, 'n_U0': 268, 'n_full_enum': 63, 'n_query_pos': 466, 'n_trial': 15696, 'n_stamped': 12015, 'n_pos': 11701, 'n_Dcheck': 34439, 'n_rejected': 3681, 'n_moved': 1758, 'O_lost': 448, 'n_abort': 314, 'n_abort_unamen': 314, 'cn_shrink': 40} 3.3
100 {'n_scm': 82, 'n_U0': 330, 'n_full_enum': 80, 'n_query_pos': 595, 'n_trial': 18972, 'n_stamped': 14424, 'n_pos': 14006, 'n_Dcheck': 44822, 'n_rejected': 4548, 'n_moved': 2101, 'O_lost': 576, 'n_abort': 418, 'n_abort_unamen': 418, 'cn_shrink': 40} 3.9
120 {'n_scm': 98, 'n_U0': 384, 'n_full_enum': 95, 'n_query_pos': 751, 'n_trial': 22426, 'n_stamped': 16721, 'n_pos': 16230, 'n_Dcheck': 50828, 'n_rejected': 5705, 'n_moved': 2373, 'O_lost': 681, 'n_abort': 491, 'n_abort_unamen': 491, 'cn_shrink': 44} 4.4
140 {'n_scm': 114, 'n_U0': 462, 'n_full_enum': 111, 'n_query_pos': 852, 'n_trial': 25600, 'n_stamped': 19266, 'n_pos': 18742, 'n_Dcheck': 56764, 'n_rejected': 6334, 'n_moved': 2822, 'O_lost': 785, 'n_abort': 524, 'n_abort_unamen': 524, 'cn_shrink': 88} 5.1
160 {'n_scm': 129, 'n_U0': 515, 'n_full_enum': 126, 'n_query_pos': 958, 'n_trial': 28098, 'n_stamped': 21265, 'n_pos': 20690, 'n_Dcheck': 62286, 'n_rejected': 6833, 'n_moved': 3161, 'O_lost': 882, 'n_abort': 575, 'n_abort_unamen': 575, 'cn_shrink': 112} 5.5
180 {'n_scm': 142, 'n_U0': 564, 'n_full_enum': 138, 'n_query_pos': 1067, 'n_trial': 31140, 'n_stamped': 23766, 'n_pos': 23147, 'n_Dcheck': 70944, 'n_rejected': 7374, 'n_moved': 3536, 'O_lost': 981, 'n_abort': 619, 'n_abort_unamen': 619, 'cn_shrink': 112} 6.1
200 {'n_scm': 156, 'n_U0': 642, 'n_full_enum': 150, 'n_query_pos': 1158, 'n_trial': 34802, 'n_stamped': 26506, 'n_pos': 25818, 'n_Dcheck': 76164, 'n_rejected': 8296, 'n_moved': 4002, 'O_lost': 1095, 'n_abort': 688, 'n_abort_unamen': 688, 'cn_shrink': 126, 'forb_shrink': 2} 6.7
220 {'n_scm': 173, 'n_U0': 680, 'n_full_enum': 167, 'n_query_pos': 1350, 'n_trial': 40636, 'n_stamped': 30840, 'n_pos': 30114, 'n_Dcheck': 82734, 'n_rejected': 9796, 'n_moved': 4594, 'O_lost': 1224, 'n_abort': 726, 'n_abort_unamen': 726, 'cn_shrink': 144, 'forb_shrink': 2} 7.6
240 {'n_scm': 191, 'n_U0': 774, 'n_full_enum': 184, 'n_query_pos': 1433, 'n_trial': 43096, 'n_stamped': 32767, 'n_pos': 31929, 'n_Dcheck': 89337, 'n_rejected': 10329, 'n_moved': 4949, 'O_lost': 1354, 'n_abort': 838, 'n_abort_unamen': 838, 'cn_shrink': 148, 'forb_shrink': 2} 9.1
260 {'n_scm': 207, 'n_U0': 845, 'n_full_enum': 200, 'n_query_pos': 1507, 'n_trial': 46232, 'n_stamped': 35233, 'n_pos': 34284, 'n_Dcheck': 97741, 'n_rejected': 10999, 'n_moved': 5343, 'O_lost': 1490, 'n_abort': 949, 'n_abort_unamen': 949, 'cn_shrink': 148, 'forb_shrink': 2} 9.7
280 {'n_scm': 225, 'n_U0': 949, 'n_full_enum': 216, 'n_query_pos': 1573, 'n_trial': 48906, 'n_stamped': 37570, 'n_pos': 36546, 'n_Dcheck': 106020, 'n_rejected': 11336, 'n_moved': 5688, 'O_lost': 1584, 'n_abort': 1024, 'n_abort_unamen': 1024, 'cn_shrink': 150, 'forb_shrink': 2} 10.2
300 {'n_scm': 240, 'n_U0': 1013, 'n_full_enum': 230, 'n_query_pos': 1680, 'n_trial': 52060, 'n_stamped': 39816, 'n_pos': 38717, 'n_Dcheck': 117691, 'n_rejected': 12244, 'n_moved': 5981, 'O_lost': 1670, 'n_abort': 1099, 'n_abort_unamen': 1099, 'cn_shrink': 150, 'forb_shrink': 2} 11.0
320 {'n_scm': 256, 'n_U0': 1068, 'n_full_enum': 246, 'n_query_pos': 1794, 'n_trial': 56728, 'n_stamped': 43598, 'n_pos': 42374, 'n_Dcheck': 130872, 'n_rejected': 13130, 'n_moved': 6616, 'O_lost': 1866, 'n_abort': 1224, 'n_abort_unamen': 1224, 'cn_shrink': 150, 'forb_shrink': 2} 11.7
340 {'n_scm': 275, 'n_U0': 1146, 'n_full_enum': 264, 'n_query_pos': 1910, 'n_trial': 59852, 'n_stamped': 46194, 'n_pos': 44899, 'n_Dcheck': 137377, 'n_rejected': 13658, 'n_moved': 7097, 'O_lost': 2042, 'n_abort': 1295, 'n_abort_unamen': 1295, 'cn_shrink': 154, 'forb_shrink': 2} 13.4
360 {'n_scm': 292, 'n_U0': 1219, 'n_full_enum': 280, 'n_query_pos': 2003, 'n_trial': 62794, 'n_stamped': 48377, 'n_pos': 47026, 'n_Dcheck': 144166, 'n_rejected': 14417, 'n_moved': 7480, 'O_lost': 2160, 'n_abort': 1351, 'n_abort_unamen': 1351, 'cn_shrink': 154, 'forb_shrink': 2} 14.0
380 {'n_scm': 310, 'n_U0': 1277, 'n_full_enum': 298, 'n_query_pos': 2113, 'n_trial': 65536, 'n_stamped': 50594, 'n_pos': 49180, 'n_Dcheck': 151075, 'n_rejected': 14942, 'n_moved': 7752, 'O_lost': 2246, 'n_abort': 1414, 'n_abort_unamen': 1414, 'cn_shrink': 154, 'forb_shrink': 2} 14.6
400 {'n_scm': 326, 'n_U0': 1345, 'n_full_enum': 313, 'n_query_pos': 2230, 'n_trial': 70238, 'n_stamped': 54496, 'n_pos': 53052, 'n_Dcheck': 159515, 'n_rejected': 15742, 'n_moved': 8310, 'O_lost': 2386, 'n_abort': 1444, 'n_abort_unamen': 1444, 'cn_shrink': 164, 'forb_shrink': 2} 15.7
420 {'n_scm': 343, 'n_U0': 1426, 'n_full_enum': 329, 'n_query_pos': 2324, 'n_trial': 73090, 'n_stamped': 56604, 'n_pos': 55093, 'n_Dcheck': 169413, 'n_rejected': 16486, 'n_moved': 8712, 'O_lost': 2540, 'n_abort': 1511, 'n_abort_unamen': 1511, 'cn_shrink': 164, 'forb_shrink': 2} 16.4
440 {'n_scm': 359, 'n_U0': 1457, 'n_full_enum': 345, 'n_query_pos': 2485, 'n_trial': 77602, 'n_stamped': 60110, 'n_pos': 58582, 'n_Dcheck': 177203, 'n_rejected': 17492, 'n_moved': 9327, 'O_lost': 2723, 'n_abort': 1528, 'n_abort_unamen': 1528, 'cn_shrink': 178, 'forb_shrink': 2} 17.1
480 {'n_scm': 389, 'n_U0': 1558, 'n_full_enum': 375, 'n_query_pos': 2699, 'n_trial': 84480, 'n_stamped': 65534, 'n_pos': 63928, 'n_Dcheck': 194522, 'n_rejected': 18946, 'n_moved': 10148, 'O_lost': 3001, 'n_abort': 1606, 'n_abort_unamen': 1606, 'cn_shrink': 212, 'forb_shrink': 2} 18.3
500 {'n_scm': 403, 'n_U0': 1620, 'n_full_enum': 389, 'n_query_pos': 2769, 'n_trial': 86272, 'n_stamped': 66898, 'n_pos': 65249, 'n_Dcheck': 197748, 'n_rejected': 19374, 'n_moved': 10385, 'O_lost': 3092, 'n_abort': 1649, 'n_abort_unamen': 1649, 'cn_shrink': 212, 'forb_shrink': 2} 18.8
520 {'n_scm': 419, 'n_U0': 1691, 'n_full_enum': 404, 'n_query_pos': 2873, 'n_trial': 88842, 'n_stamped': 68722, 'n_pos': 66985, 'n_Dcheck': 204914, 'n_rejected': 20120, 'n_moved': 10667, 'O_lost': 3185, 'n_abort': 1737, 'n_abort_unamen': 1737, 'cn_shrink': 212, 'forb_shrink': 2} 19.3
540 {'n_scm': 435, 'n_U0': 1773, 'n_full_enum': 419, 'n_query_pos': 2965, 'n_trial': 90790, 'n_stamped': 70136, 'n_pos': 68368, 'n_Dcheck': 210345, 'n_rejected': 20654, 'n_moved': 10870, 'O_lost': 3280, 'n_abort': 1768, 'n_abort_unamen': 1768, 'cn_shrink': 212, 'forb_shrink': 2} 19.9
560 {'n_scm': 451, 'n_U0': 1812, 'n_full_enum': 435, 'n_query_pos': 3083, 'n_trial': 94226, 'n_stamped': 72875, 'n_pos': 71055, 'n_Dcheck': 215560, 'n_rejected': 21351, 'n_moved': 11325, 'O_lost': 3443, 'n_abort': 1820, 'n_abort_unamen': 1820, 'cn_shrink': 216, 'forb_shrink': 2} 20.4
580 {'n_scm': 469, 'n_U0': 1877, 'n_full_enum': 452, 'n_query_pos': 3215, 'n_trial': 98666, 'n_stamped': 76217, 'n_pos': 74248, 'n_Dcheck': 229483, 'n_rejected': 22449, 'n_moved': 11731, 'O_lost': 3561, 'n_abort': 1969, 'n_abort_unamen': 1969, 'cn_shrink': 240, 'forb_shrink': 2} 21.2
600 {'n_scm': 486, 'n_U0': 1944, 'n_full_enum': 469, 'n_query_pos': 3329, 'n_trial': 101840, 'n_stamped': 78643, 'n_pos': 76595, 'n_Dcheck': 235222, 'n_rejected': 23197, 'n_moved': 12150, 'O_lost': 3693, 'n_abort': 2048, 'n_abort_unamen': 2048, 'cn_shrink': 240, 'forb_shrink': 2} 21.8
620 {'n_scm': 504, 'n_U0': 2018, 'n_full_enum': 486, 'n_query_pos': 3419, 'n_trial': 104074, 'n_stamped': 80513, 'n_pos': 78378, 'n_Dcheck': 241825, 'n_rejected': 23561, 'n_moved': 12467, 'O_lost': 3807, 'n_abort': 2135, 'n_abort_unamen': 2135, 'cn_shrink': 244, 'forb_shrink': 2} 22.2
640 {'n_scm': 521, 'n_U0': 2079, 'n_full_enum': 503, 'n_query_pos': 3541, 'n_trial': 107572, 'n_stamped': 83026, 'n_pos': 80803, 'n_Dcheck': 248055, 'n_rejected': 24546, 'n_moved': 12882, 'O_lost': 3944, 'n_abort': 2223, 'n_abort_unamen': 2223, 'cn_shrink': 244, 'forb_shrink': 2} 22.8
660 {'n_scm': 537, 'n_U0': 2157, 'n_full_enum': 518, 'n_query_pos': 3608, 'n_trial': 110442, 'n_stamped': 85446, 'n_pos': 83172, 'n_Dcheck': 252995, 'n_rejected': 24996, 'n_moved': 13358, 'O_lost': 4067, 'n_abort': 2274, 'n_abort_unamen': 2274, 'cn_shrink': 244, 'forb_shrink': 2} 23.3
680 {'n_scm': 550, 'n_U0': 2212, 'n_full_enum': 530, 'n_query_pos': 3694, 'n_trial': 112558, 'n_stamped': 86863, 'n_pos': 84546, 'n_Dcheck': 256904, 'n_rejected': 25695, 'n_moved': 13535, 'O_lost': 4115, 'n_abort': 2317, 'n_abort_unamen': 2317, 'cn_shrink': 244, 'forb_shrink': 2} 24.7
700 {'n_scm': 566, 'n_U0': 2265, 'n_full_enum': 546, 'n_query_pos': 3795, 'n_trial': 115258, 'n_stamped': 88833, 'n_pos': 86470, 'n_Dcheck': 262902, 'n_rejected': 26425, 'n_moved': 13873, 'O_lost': 4203, 'n_abort': 2363, 'n_abort_unamen': 2363, 'cn_shrink': 262, 'forb_shrink': 2} 25.1
720 {'n_scm': 584, 'n_U0': 2326, 'n_full_enum': 564, 'n_query_pos': 3937, 'n_trial': 121264, 'n_stamped': 93279, 'n_pos': 90747, 'n_Dcheck': 275168, 'n_rejected': 27985, 'n_moved': 14461, 'O_lost': 4342, 'n_abort': 2532, 'n_abort_unamen': 2532, 'cn_shrink': 278, 'forb_shrink': 2} 26.2
740 {'n_scm': 602, 'n_U0': 2434, 'n_full_enum': 581, 'n_query_pos': 3986, 'n_trial': 123304, 'n_stamped': 95139, 'n_pos': 92518, 'n_Dcheck': 282016, 'n_rejected': 28165, 'n_moved': 14776, 'O_lost': 4460, 'n_abort': 2621, 'n_abort_unamen': 2621, 'cn_shrink': 278, 'forb_shrink': 2} 26.9
760 {'n_scm': 617, 'n_U0': 2504, 'n_full_enum': 595, 'n_query_pos': 4124, 'n_trial': 128660, 'n_stamped': 99312, 'n_pos': 96648, 'n_Dcheck': 288373, 'n_rejected': 29348, 'n_moved': 15387, 'O_lost': 4624, 'n_abort': 2664, 'n_abort_unamen': 2664, 'cn_shrink': 278, 'forb_shrink': 2} 28.0
780 {'n_scm': 636, 'n_U0': 2615, 'n_full_enum': 612, 'n_query_pos': 4206, 'n_trial': 130928, 'n_stamped': 101172, 'n_pos': 98410, 'n_Dcheck': 297548, 'n_rejected': 29756, 'n_moved': 15697, 'O_lost': 4735, 'n_abort': 2762, 'n_abort_unamen': 2762, 'cn_shrink': 278, 'forb_shrink': 2} 28.6
800 {'n_scm': 651, 'n_U0': 2664, 'n_full_enum': 627, 'n_query_pos': 4331, 'n_trial': 135958, 'n_stamped': 104750, 'n_pos': 101898, 'n_Dcheck': 307718, 'n_rejected': 31208, 'n_moved': 16134, 'O_lost': 4831, 'n_abort': 2852, 'n_abort_unamen': 2852, 'cn_shrink': 284, 'forb_shrink': 2} 29.4
820 {'n_scm': 667, 'n_U0': 2733, 'n_full_enum': 643, 'n_query_pos': 4433, 'n_trial': 139624, 'n_stamped': 107662, 'n_pos': 104740, 'n_Dcheck': 316520, 'n_rejected': 31962, 'n_moved': 16529, 'O_lost': 4953, 'n_abort': 2922, 'n_abort_unamen': 2922, 'cn_shrink': 284, 'forb_shrink': 2} 30.1
840 {'n_scm': 683, 'n_U0': 2802, 'n_full_enum': 658, 'n_query_pos': 4498, 'n_trial': 141872, 'n_stamped': 109505, 'n_pos': 106511, 'n_Dcheck': 320839, 'n_rejected': 32367, 'n_moved': 16844, 'O_lost': 5018, 'n_abort': 2994, 'n_abort_unamen': 2994, 'cn_shrink': 284, 'forb_shrink': 2} 30.5
860 {'n_scm': 703, 'n_U0': 2884, 'n_full_enum': 678, 'n_query_pos': 4655, 'n_trial': 147178, 'n_stamped': 114024, 'n_pos': 110956, 'n_Dcheck': 331121, 'n_rejected': 33154, 'n_moved': 17598, 'O_lost': 5204, 'n_abort': 3068, 'n_abort_unamen': 3068, 'cn_shrink': 292, 'forb_shrink': 2} 32.0
880 {'n_scm': 716, 'n_U0': 2952, 'n_full_enum': 690, 'n_query_pos': 4736, 'n_trial': 150428, 'n_stamped': 116750, 'n_pos': 113530, 'n_Dcheck': 340957, 'n_rejected': 33678, 'n_moved': 18009, 'O_lost': 5346, 'n_abort': 3220, 'n_abort_unamen': 3220, 'cn_shrink': 304, 'forb_shrink': 2} 33.1
900 {'n_scm': 732, 'n_U0': 3023, 'n_full_enum': 706, 'n_query_pos': 4802, 'n_trial': 152126, 'n_stamped': 118292, 'n_pos': 114975, 'n_Dcheck': 347843, 'n_rejected': 33834, 'n_moved': 18281, 'O_lost': 5465, 'n_abort': 3317, 'n_abort_unamen': 3317, 'cn_shrink': 313, 'forb_shrink': 2} 34.3
920 {'n_scm': 749, 'n_U0': 3089, 'n_full_enum': 723, 'n_query_pos': 4899, 'n_trial': 154750, 'n_stamped': 120482, 'n_pos': 117130, 'n_Dcheck': 354215, 'n_rejected': 34268, 'n_moved': 18604, 'O_lost': 5585, 'n_abort': 3352, 'n_abort_unamen': 3352, 'cn_shrink': 313, 'forb_shrink': 2} 35.7
940 {'n_scm': 763, 'n_U0': 3167, 'n_full_enum': 736, 'n_query_pos': 4962, 'n_trial': 157112, 'n_stamped': 122568, 'n_pos': 119166, 'n_Dcheck': 361203, 'n_rejected': 34544, 'n_moved': 18936, 'O_lost': 5724, 'n_abort': 3402, 'n_abort_unamen': 3402, 'cn_shrink': 313, 'forb_shrink': 2} 37.3
960 {'n_scm': 781, 'n_U0': 3212, 'n_full_enum': 754, 'n_query_pos': 5149, 'n_trial': 162008, 'n_stamped': 126005, 'n_pos': 122499, 'n_Dcheck': 368281, 'n_rejected': 36003, 'n_moved': 19471, 'O_lost': 5886, 'n_abort': 3506, 'n_abort_unamen': 3506, 'cn_shrink': 315, 'forb_shrink': 2} 39.0
980 {'n_scm': 799, 'n_U0': 3271, 'n_full_enum': 771, 'n_query_pos': 5306, 'n_trial': 167052, 'n_stamped': 130081, 'n_pos': 126496, 'n_Dcheck': 376756, 'n_rejected': 36971, 'n_moved': 19910, 'O_lost': 6018, 'n_abort': 3585, 'n_abort_unamen': 3585, 'cn_shrink': 361, 'forb_shrink': 2} 41.0
1000 {'n_scm': 816, 'n_U0': 3354, 'n_full_enum': 787, 'n_query_pos': 5388, 'n_trial': 169840, 'n_stamped': 132235, 'n_pos': 128538, 'n_Dcheck': 383438, 'n_rejected': 37605, 'n_moved': 20230, 'O_lost': 6125, 'n_abort': 3697, 'n_abort_unamen': 3697, 'cn_shrink': 361, 'forb_shrink': 2} 42.6
1020 {'n_scm': 831, 'n_U0': 3426, 'n_full_enum': 800, 'n_query_pos': 5489, 'n_trial': 173520, 'n_stamped': 135329, 'n_pos': 131603, 'n_Dcheck': 388320, 'n_rejected': 38191, 'n_moved': 20670, 'O_lost': 6210, 'n_abort': 3726, 'n_abort_unamen': 3726, 'cn_shrink': 361, 'forb_shrink': 2} 44.0
1040 {'n_scm': 848, 'n_U0': 3503, 'n_full_enum': 816, 'n_query_pos': 5594, 'n_trial': 177594, 'n_stamped': 138520, 'n_pos': 134778, 'n_Dcheck': 396019, 'n_rejected': 39074, 'n_moved': 21174, 'O_lost': 6308, 'n_abort': 3742, 'n_abort_unamen': 3742, 'cn_shrink': 361, 'forb_shrink': 2} 46.2
1060 {'n_scm': 865, 'n_U0': 3561, 'n_full_enum': 833, 'n_query_pos': 5721, 'n_trial': 181900, 'n_stamped': 141951, 'n_pos': 138022, 'n_Dcheck': 411039, 'n_rejected': 39949, 'n_moved': 21672, 'O_lost': 6481, 'n_abort': 3929, 'n_abort_unamen': 3929, 'cn_shrink': 379, 'forb_shrink': 2} 48.7
1080 {'n_scm': 882, 'n_U0': 3658, 'n_full_enum': 849, 'n_query_pos': 5811, 'n_trial': 185072, 'n_stamped': 144683, 'n_pos': 140720, 'n_Dcheck': 418117, 'n_rejected': 40389, 'n_moved': 22206, 'O_lost': 6656, 'n_abort': 3963, 'n_abort_unamen': 3963, 'cn_shrink': 379, 'forb_shrink': 2} 51.3
1100 {'n_scm': 898, 'n_U0': 3717, 'n_full_enum': 865, 'n_query_pos': 5920, 'n_trial': 188364, 'n_stamped': 147265, 'n_pos': 143163, 'n_Dcheck': 427709, 'n_rejected': 41099, 'n_moved': 22589, 'O_lost': 6765, 'n_abort': 4102, 'n_abort_unamen': 4102, 'cn_shrink': 414, 'forb_shrink': 2} 53.4
1120 {'n_scm': 915, 'n_U0': 3762, 'n_full_enum': 882, 'n_query_pos': 6053, 'n_trial': 192372, 'n_stamped': 150263, 'n_pos': 146073, 'n_Dcheck': 435163, 'n_rejected': 42109, 'n_moved': 22973, 'O_lost': 6875, 'n_abort': 4190, 'n_abort_unamen': 4190, 'cn_shrink': 414, 'forb_shrink': 2} 55.0
1140 {'n_scm': 932, 'n_U0': 3823, 'n_full_enum': 898, 'n_query_pos': 6184, 'n_trial': 196418, 'n_stamped': 153773, 'n_pos': 149512, 'n_Dcheck': 444551, 'n_rejected': 42645, 'n_moved': 23461, 'O_lost': 7044, 'n_abort': 4261, 'n_abort_unamen': 4261, 'cn_shrink': 450, 'forb_shrink': 8} 57.1
1160 {'n_scm': 950, 'n_U0': 3904, 'n_full_enum': 916, 'n_query_pos': 6291, 'n_trial': 201564, 'n_stamped': 157492, 'n_pos': 153142, 'n_Dcheck': 453579, 'n_rejected': 44072, 'n_moved': 24127, 'O_lost': 7206, 'n_abort': 4350, 'n_abort_unamen': 4350, 'cn_shrink': 474, 'forb_shrink': 8} 59.7
1180 {'n_scm': 968, 'n_U0': 3976, 'n_full_enum': 933, 'n_query_pos': 6434, 'n_trial': 205648, 'n_stamped': 160243, 'n_pos': 155832, 'n_Dcheck': 461805, 'n_rejected': 45405, 'n_moved': 24535, 'O_lost': 7283, 'n_abort': 4411, 'n_abort_unamen': 4411, 'cn_shrink': 476, 'forb_shrink': 8} 61.7
1200 {'n_scm': 981, 'n_U0': 4037, 'n_full_enum': 946, 'n_query_pos': 6496, 'n_trial': 207492, 'n_stamped': 161694, 'n_pos': 157255, 'n_Dcheck': 467848, 'n_rejected': 45798, 'n_moved': 24826, 'O_lost': 7402, 'n_abort': 4439, 'n_abort_unamen': 4439, 'cn_shrink': 486, 'forb_shrink': 8} 64.0
1220 {'n_scm': 995, 'n_U0': 4089, 'n_full_enum': 959, 'n_query_pos': 6607, 'n_trial': 211208, 'n_stamped': 164643, 'n_pos': 160146, 'n_Dcheck': 474975, 'n_rejected': 46565, 'n_moved': 25332, 'O_lost': 7570, 'n_abort': 4497, 'n_abort_unamen': 4497, 'cn_shrink': 488, 'forb_shrink': 8} 68.2
1240 {'n_scm': 1011, 'n_U0': 4165, 'n_full_enum': 973, 'n_query_pos': 6762, 'n_trial': 215086, 'n_stamped': 167283, 'n_pos': 162748, 'n_Dcheck': 480159, 'n_rejected': 47803, 'n_moved': 25702, 'O_lost': 7659, 'n_abort': 4535, 'n_abort_unamen': 4535, 'cn_shrink': 494, 'forb_shrink': 8} 71.7
1280 {'n_scm': 1044, 'n_U0': 4306, 'n_full_enum': 1005, 'n_query_pos': 6991, 'n_trial': 221422, 'n_stamped': 171931, 'n_pos': 167259, 'n_Dcheck': 495415, 'n_rejected': 49491, 'n_moved': 26399, 'O_lost': 7838, 'n_abort': 4672, 'n_abort_unamen': 4672, 'cn_shrink': 533, 'forb_shrink': 8} 79.4
1300 {'n_scm': 1061, 'n_U0': 4401, 'n_full_enum': 1021, 'n_query_pos': 7075, 'n_trial': 224074, 'n_stamped': 174019, 'n_pos': 169255, 'n_Dcheck': 507709, 'n_rejected': 50055, 'n_moved': 26721, 'O_lost': 7966, 'n_abort': 4764, 'n_abort_unamen': 4764, 'cn_shrink': 553, 'forb_shrink': 8} 83.8
1320 {'n_scm': 1077, 'n_U0': 4485, 'n_full_enum': 1035, 'n_query_pos': 7165, 'n_trial': 227488, 'n_stamped': 176617, 'n_pos': 171817, 'n_Dcheck': 512112, 'n_rejected': 50871, 'n_moved': 27075, 'O_lost': 8045, 'n_abort': 4800, 'n_abort_unamen': 4800, 'cn_shrink': 561, 'forb_shrink': 8} 87.2
1340 {'n_scm': 1094, 'n_U0': 4583, 'n_full_enum': 1051, 'n_query_pos': 7248, 'n_trial': 229724, 'n_stamped': 178231, 'n_pos': 173314, 'n_Dcheck': 519656, 'n_rejected': 51493, 'n_moved': 27264, 'O_lost': 8104, 'n_abort': 4917, 'n_abort_unamen': 4917, 'cn_shrink': 561, 'forb_shrink': 8} 91.7
1360 {'n_scm': 1112, 'n_U0': 4660, 'n_full_enum': 1068, 'n_query_pos': 7356, 'n_trial': 232682, 'n_stamped': 180695, 'n_pos': 175677, 'n_Dcheck': 529319, 'n_rejected': 51987, 'n_moved': 27618, 'O_lost': 8200, 'n_abort': 5018, 'n_abort_unamen': 5018, 'cn_shrink': 593, 'forb_shrink': 8} 95.2
1380 {'n_scm': 1129, 'n_U0': 4709, 'n_full_enum': 1085, 'n_query_pos': 7486, 'n_trial': 237676, 'n_stamped': 184665, 'n_pos': 179544, 'n_Dcheck': 537648, 'n_rejected': 53011, 'n_moved': 28125, 'O_lost': 8354, 'n_abort': 5121, 'n_abort_unamen': 5121, 'cn_shrink': 593, 'forb_shrink': 8} 99.7
1400 {'n_scm': 1144, 'n_U0': 4779, 'n_full_enum': 1100, 'n_query_pos': 7599, 'n_trial': 240646, 'n_stamped': 186841, 'n_pos': 181633, 'n_Dcheck': 546688, 'n_rejected': 53805, 'n_moved': 28435, 'O_lost': 8425, 'n_abort': 5208, 'n_abort_unamen': 5208, 'cn_shrink': 593, 'forb_shrink': 8} 104.2
1420 {'n_scm': 1161, 'n_U0': 4848, 'n_full_enum': 1116, 'n_query_pos': 7728, 'n_trial': 244714, 'n_stamped': 190157, 'n_pos': 184808, 'n_Dcheck': 558500, 'n_rejected': 54557, 'n_moved': 29020, 'O_lost': 8668, 'n_abort': 5349, 'n_abort_unamen': 5349, 'cn_shrink': 619, 'forb_shrink': 8} 109.4
1440 {'n_scm': 1179, 'n_U0': 4924, 'n_full_enum': 1134, 'n_query_pos': 7784, 'n_trial': 246948, 'n_stamped': 192134, 'n_pos': 186703, 'n_Dcheck': 566116, 'n_rejected': 54814, 'n_moved': 29345, 'O_lost': 8770, 'n_abort': 5431, 'n_abort_unamen': 5431, 'cn_shrink': 619, 'forb_shrink': 8} 112.2
1460 {'n_scm': 1198, 'n_U0': 4995, 'n_full_enum': 1152, 'n_query_pos': 7942, 'n_trial': 252254, 'n_stamped': 196079, 'n_pos': 190551, 'n_Dcheck': 578122, 'n_rejected': 56175, 'n_moved': 30024, 'O_lost': 9002, 'n_abort': 5528, 'n_abort_unamen': 5528, 'cn_shrink': 619, 'forb_shrink': 8} 117.5
1480 {'n_scm': 1213, 'n_U0': 5033, 'n_full_enum': 1167, 'n_query_pos': 8101, 'n_trial': 257094, 'n_stamped': 199617, 'n_pos': 194031, 'n_Dcheck': 587355, 'n_rejected': 57477, 'n_moved': 30559, 'O_lost': 9085, 'n_abort': 5586, 'n_abort_unamen': 5586, 'cn_shrink': 647, 'forb_shrink': 8} 121.7
1500 {'n_scm': 1230, 'n_U0': 5101, 'n_full_enum': 1183, 'n_query_pos': 8198, 'n_trial': 259332, 'n_stamped': 201388, 'n_pos': 195707, 'n_Dcheck': 594495, 'n_rejected': 57944, 'n_moved': 30906, 'O_lost': 9216, 'n_abort': 5681, 'n_abort_unamen': 5681, 'cn_shrink': 647, 'forb_shrink': 8} 123.3
1520 {'n_scm': 1245, 'n_U0': 5143, 'n_full_enum': 1198, 'n_query_pos': 8344, 'n_trial': 266026, 'n_stamped': 206946, 'n_pos': 201152, 'n_Dcheck': 604115, 'n_rejected': 59080, 'n_moved': 31550, 'O_lost': 9335, 'n_abort': 5794, 'n_abort_unamen': 5794, 'cn_shrink': 647, 'forb_shrink': 8} 127.2
1540 {'n_scm': 1263, 'n_U0': 5219, 'n_full_enum': 1216, 'n_query_pos': 8457, 'n_trial': 269998, 'n_stamped': 210142, 'n_pos': 204240, 'n_Dcheck': 617768, 'n_rejected': 59856, 'n_moved': 32107, 'O_lost': 9564, 'n_abort': 5902, 'n_abort_unamen': 5902, 'cn_shrink': 656, 'forb_shrink': 8} 129.5
1560 {'n_scm': 1281, 'n_U0': 5298, 'n_full_enum': 1232, 'n_query_pos': 8591, 'n_trial': 273238, 'n_stamped': 212777, 'n_pos': 206781, 'n_Dcheck': 624946, 'n_rejected': 60461, 'n_moved': 32446, 'O_lost': 9691, 'n_abort': 5996, 'n_abort_unamen': 5996, 'cn_shrink': 683, 'forb_shrink': 8} 130.9
1580 {'n_scm': 1299, 'n_U0': 5391, 'n_full_enum': 1247, 'n_query_pos': 8699, 'n_trial': 276488, 'n_stamped': 215436, 'n_pos': 209394, 'n_Dcheck': 629954, 'n_rejected': 61052, 'n_moved': 32878, 'O_lost': 9846, 'n_abort': 6042, 'n_abort_unamen': 6042, 'cn_shrink': 733, 'forb_shrink': 8} 132.7
1600 {'n_scm': 1315, 'n_U0': 5445, 'n_full_enum': 1263, 'n_query_pos': 8810, 'n_trial': 278784, 'n_stamped': 217204, 'n_pos': 211075, 'n_Dcheck': 640036, 'n_rejected': 61580, 'n_moved': 33157, 'O_lost': 9954, 'n_abort': 6129, 'n_abort_unamen': 6129, 'cn_shrink': 739, 'forb_shrink': 8} 134.1
1620 {'n_scm': 1333, 'n_U0': 5541, 'n_full_enum': 1280, 'n_query_pos': 8895, 'n_trial': 281294, 'n_stamped': 219346, 'n_pos': 213094, 'n_Dcheck': 650075, 'n_rejected': 61948, 'n_moved': 33540, 'O_lost': 10154, 'n_abort': 6252, 'n_abort_unamen': 6252, 'cn_shrink': 755, 'forb_shrink': 8} 135.7
1640 {'n_scm': 1350, 'n_U0': 5634, 'n_full_enum': 1295, 'n_query_pos': 8977, 'n_trial': 283550, 'n_stamped': 221046, 'n_pos': 214727, 'n_Dcheck': 658737, 'n_rejected': 62504, 'n_moved': 33827, 'O_lost': 10244, 'n_abort': 6319, 'n_abort_unamen': 6319, 'cn_shrink': 763, 'forb_shrink': 8} 136.9
1660 {'n_scm': 1368, 'n_U0': 5714, 'n_full_enum': 1312, 'n_query_pos': 9091, 'n_trial': 286838, 'n_stamped': 223746, 'n_pos': 217383, 'n_Dcheck': 665396, 'n_rejected': 63092, 'n_moved': 34252, 'O_lost': 10370, 'n_abort': 6363, 'n_abort_unamen': 6363, 'cn_shrink': 823, 'forb_shrink': 8} 138.6
1680 {'n_scm': 1386, 'n_U0': 5802, 'n_full_enum': 1328, 'n_query_pos': 9210, 'n_trial': 289764, 'n_stamped': 226082, 'n_pos': 219660, 'n_Dcheck': 676399, 'n_rejected': 63682, 'n_moved': 34627, 'O_lost': 10491, 'n_abort': 6422, 'n_abort_unamen': 6422, 'cn_shrink': 835, 'forb_shrink': 8} 140.4
1700 {'n_scm': 1402, 'n_U0': 5844, 'n_full_enum': 1344, 'n_query_pos': 9406, 'n_trial': 297196, 'n_stamped': 231269, 'n_pos': 224792, 'n_Dcheck': 684735, 'n_rejected': 65927, 'n_moved': 35438, 'O_lost': 10686, 'n_abort': 6477, 'n_abort_unamen': 6477, 'cn_shrink': 841, 'forb_shrink': 8} 143.5
1720 {'n_scm': 1419, 'n_U0': 5910, 'n_full_enum': 1359, 'n_query_pos': 9552, 'n_trial': 301940, 'n_stamped': 235044, 'n_pos': 228481, 'n_Dcheck': 694261, 'n_rejected': 66896, 'n_moved': 35940, 'O_lost': 10842, 'n_abort': 6563, 'n_abort_unamen': 6563, 'cn_shrink': 856, 'forb_shrink': 8} 145.7
1740 {'n_scm': 1436, 'n_U0': 5988, 'n_full_enum': 1375, 'n_query_pos': 9646, 'n_trial': 305666, 'n_stamped': 237785, 'n_pos': 231156, 'n_Dcheck': 703057, 'n_rejected': 67881, 'n_moved': 36573, 'O_lost': 11037, 'n_abort': 6629, 'n_abort_unamen': 6629, 'cn_shrink': 860, 'forb_shrink': 8} 150.5
1760 {'n_scm': 1451, 'n_U0': 6059, 'n_full_enum': 1390, 'n_query_pos': 9711, 'n_trial': 307610, 'n_stamped': 239372, 'n_pos': 232693, 'n_Dcheck': 709315, 'n_rejected': 68238, 'n_moved': 36849, 'O_lost': 11138, 'n_abort': 6679, 'n_abort_unamen': 6679, 'cn_shrink': 890, 'forb_shrink': 8} 151.7
1780 {'n_scm': 1468, 'n_U0': 6147, 'n_full_enum': 1405, 'n_query_pos': 9805, 'n_trial': 311016, 'n_stamped': 242178, 'n_pos': 235412, 'n_Dcheck': 720336, 'n_rejected': 68838, 'n_moved': 37286, 'O_lost': 11231, 'n_abort': 6766, 'n_abort_unamen': 6766, 'cn_shrink': 894, 'forb_shrink': 8} 153.5
1800 {'n_scm': 1483, 'n_U0': 6193, 'n_full_enum': 1420, 'n_query_pos': 9904, 'n_trial': 314188, 'n_stamped': 244869, 'n_pos': 237999, 'n_Dcheck': 728255, 'n_rejected': 69319, 'n_moved': 37585, 'O_lost': 11332, 'n_abort': 6870, 'n_abort_unamen': 6870, 'cn_shrink': 894, 'forb_shrink': 8} 155.0
1820 {'n_scm': 1499, 'n_U0': 6257, 'n_full_enum': 1435, 'n_query_pos': 10019, 'n_trial': 317556, 'n_stamped': 247640, 'n_pos': 240711, 'n_Dcheck': 734457, 'n_rejected': 69916, 'n_moved': 37981, 'O_lost': 11444, 'n_abort': 6929, 'n_abort_unamen': 6929, 'cn_shrink': 900, 'forb_shrink': 8} 156.6
1840 {'n_scm': 1513, 'n_U0': 6306, 'n_full_enum': 1449, 'n_query_pos': 10070, 'n_trial': 319222, 'n_stamped': 248951, 'n_pos': 241921, 'n_Dcheck': 743399, 'n_rejected': 70271, 'n_moved': 38174, 'O_lost': 11509, 'n_abort': 7030, 'n_abort_unamen': 7030, 'cn_shrink': 911, 'forb_shrink': 8} 157.6
1860 {'n_scm': 1530, 'n_U0': 6362, 'n_full_enum': 1466, 'n_query_pos': 10206, 'n_trial': 323722, 'n_stamped': 252220, 'n_pos': 245095, 'n_Dcheck': 749964, 'n_rejected': 71502, 'n_moved': 38657, 'O_lost': 11634, 'n_abort': 7125, 'n_abort_unamen': 7125, 'cn_shrink': 911, 'forb_shrink': 8} 159.4
1880 {'n_scm': 1548, 'n_U0': 6419, 'n_full_enum': 1484, 'n_query_pos': 10338, 'n_trial': 327258, 'n_stamped': 254877, 'n_pos': 247622, 'n_Dcheck': 761486, 'n_rejected': 72381, 'n_moved': 39017, 'O_lost': 11769, 'n_abort': 7255, 'n_abort_unamen': 7255, 'cn_shrink': 945, 'forb_shrink': 8} 161.1
1900 {'n_scm': 1560, 'n_U0': 6475, 'n_full_enum': 1494, 'n_query_pos': 10385, 'n_trial': 328710, 'n_stamped': 256087, 'n_pos': 248786, 'n_Dcheck': 764857, 'n_rejected': 72623, 'n_moved': 39195, 'O_lost': 11830, 'n_abort': 7301, 'n_abort_unamen': 7301, 'cn_shrink': 945, 'forb_shrink': 8} 161.8
1920 {'n_scm': 1576, 'n_U0': 6521, 'n_full_enum': 1510, 'n_query_pos': 10532, 'n_trial': 332798, 'n_stamped': 258977, 'n_pos': 251594, 'n_Dcheck': 774218, 'n_rejected': 73821, 'n_moved': 39592, 'O_lost': 11921, 'n_abort': 7383, 'n_abort_unamen': 7383, 'cn_shrink': 945, 'forb_shrink': 8} 163.5
1940 {'n_scm': 1592, 'n_U0': 6561, 'n_full_enum': 1526, 'n_query_pos': 10668, 'n_trial': 335762, 'n_stamped': 261137, 'n_pos': 253664, 'n_Dcheck': 783678, 'n_rejected': 74625, 'n_moved': 39940, 'O_lost': 12055, 'n_abort': 7473, 'n_abort_unamen': 7473, 'cn_shrink': 945, 'forb_shrink': 8} 164.7
1960 {'n_scm': 1610, 'n_U0': 6647, 'n_full_enum': 1542, 'n_query_pos': 10781, 'n_trial': 339564, 'n_stamped': 263841, 'n_pos': 256305, 'n_Dcheck': 788716, 'n_rejected': 75723, 'n_moved': 40438, 'O_lost': 12173, 'n_abort': 7536, 'n_abort_unamen': 7536, 'cn_shrink': 950, 'forb_shrink': 8} 166.4
1980 {'n_scm': 1629, 'n_U0': 6705, 'n_full_enum': 1561, 'n_query_pos': 10899, 'n_trial': 342544, 'n_stamped': 266230, 'n_pos': 258661, 'n_Dcheck': 795831, 'n_rejected': 76314, 'n_moved': 40756, 'O_lost': 12274, 'n_abort': 7569, 'n_abort_unamen': 7569, 'cn_shrink': 950, 'forb_shrink': 8} 167.8
2000 {'n_scm': 1645, 'n_U0': 6802, 'n_full_enum': 1575, 'n_query_pos': 10943, 'n_trial': 343744, 'n_stamped': 267225, 'n_pos': 259573, 'n_Dcheck': 799599, 'n_rejected': 76519, 'n_moved': 40990, 'O_lost': 12366, 'n_abort': 7652, 'n_abort_unamen': 7652, 'cn_shrink': 954, 'forb_shrink': 8} 169.2
2020 {'n_scm': 1661, 'n_U0': 6864, 'n_full_enum': 1590, 'n_query_pos': 11052, 'n_trial': 347108, 'n_stamped': 269845, 'n_pos': 262093, 'n_Dcheck': 807682, 'n_rejected': 77263, 'n_moved': 41392, 'O_lost': 12458, 'n_abort': 7752, 'n_abort_unamen': 7752, 'cn_shrink': 1011, 'forb_shrink': 8} 173.4
2040 {'n_scm': 1679, 'n_U0': 6946, 'n_full_enum': 1607, 'n_query_pos': 11198, 'n_trial': 352146, 'n_stamped': 273069, 'n_pos': 265204, 'n_Dcheck': 815612, 'n_rejected': 79077, 'n_moved': 41859, 'O_lost': 12575, 'n_abort': 7865, 'n_abort_unamen': 7865, 'cn_shrink': 1016, 'forb_shrink': 8} 175.7
2060 {'n_scm': 1698, 'n_U0': 7038, 'n_full_enum': 1625, 'n_query_pos': 11312, 'n_trial': 355368, 'n_stamped': 275861, 'n_pos': 267917, 'n_Dcheck': 825067, 'n_rejected': 79507, 'n_moved': 42351, 'O_lost': 12777, 'n_abort': 7944, 'n_abort_unamen': 7944, 'cn_shrink': 1016, 'forb_shrink': 8} 177.9
2080 {'n_scm': 1717, 'n_U0': 7105, 'n_full_enum': 1643, 'n_query_pos': 11456, 'n_trial': 360016, 'n_stamped': 279177, 'n_pos': 271162, 'n_Dcheck': 833122, 'n_rejected': 80839, 'n_moved': 42974, 'O_lost': 12993, 'n_abort': 8015, 'n_abort_unamen': 8015, 'cn_shrink': 1026, 'forb_shrink': 8} 179.8
2100 {'n_scm': 1734, 'n_U0': 7169, 'n_full_enum': 1660, 'n_query_pos': 11583, 'n_trial': 362828, 'n_stamped': 281205, 'n_pos': 273140, 'n_Dcheck': 838177, 'n_rejected': 81623, 'n_moved': 43314, 'O_lost': 13110, 'n_abort': 8065, 'n_abort_unamen': 8065, 'cn_shrink': 1138, 'forb_shrink': 8} 182.0
2120 {'n_scm': 1752, 'n_U0': 7241, 'n_full_enum': 1678, 'n_query_pos': 11697, 'n_trial': 365394, 'n_stamped': 283245, 'n_pos': 275129, 'n_Dcheck': 844579, 'n_rejected': 82149, 'n_moved': 43656, 'O_lost': 13253, 'n_abort': 8116, 'n_abort_unamen': 8116, 'cn_shrink': 1162, 'forb_shrink': 8} 183.7
2140 {'n_scm': 1770, 'n_U0': 7329, 'n_full_enum': 1695, 'n_query_pos': 11783, 'n_trial': 368016, 'n_stamped': 285473, 'n_pos': 277273, 'n_Dcheck': 855748, 'n_rejected': 82543, 'n_moved': 44041, 'O_lost': 13373, 'n_abort': 8200, 'n_abort_unamen': 8200, 'cn_shrink': 1162, 'forb_shrink': 8} 185.2
2160 {'n_scm': 1787, 'n_U0': 7409, 'n_full_enum': 1711, 'n_query_pos': 11893, 'n_trial': 371794, 'n_stamped': 288425, 'n_pos': 280106, 'n_Dcheck': 866433, 'n_rejected': 83369, 'n_moved': 44550, 'O_lost': 13554, 'n_abort': 8319, 'n_abort_unamen': 8319, 'cn_shrink': 1167, 'forb_shrink': 8} 187.0
2180 {'n_scm': 1804, 'n_U0': 7486, 'n_full_enum': 1726, 'n_query_pos': 12033, 'n_trial': 377052, 'n_stamped': 292437, 'n_pos': 284029, 'n_Dcheck': 877059, 'n_rejected': 84615, 'n_moved': 45163, 'O_lost': 13695, 'n_abort': 8408, 'n_abort_unamen': 8408, 'cn_shrink': 1175, 'forb_shrink': 8} 189.7
2200 {'n_scm': 1820, 'n_U0': 7556, 'n_full_enum': 1740, 'n_query_pos': 12155, 'n_trial': 381410, 'n_stamped': 295856, 'n_pos': 287353, 'n_Dcheck': 890090, 'n_rejected': 85554, 'n_moved': 45701, 'O_lost': 13880, 'n_abort': 8503, 'n_abort_unamen': 8503, 'cn_shrink': 1175, 'forb_shrink': 8} 192.0
2220 {'n_scm': 1835, 'n_U0': 7617, 'n_full_enum': 1755, 'n_query_pos': 12262, 'n_trial': 383990, 'n_stamped': 297687, 'n_pos': 289152, 'n_Dcheck': 895395, 'n_rejected': 86303, 'n_moved': 45957, 'O_lost': 13977, 'n_abort': 8535, 'n_abort_unamen': 8535, 'cn_shrink': 1211, 'forb_shrink': 8} 194.0
2240 {'n_scm': 1852, 'n_U0': 7695, 'n_full_enum': 1772, 'n_query_pos': 12328, 'n_trial': 386786, 'n_stamped': 300092, 'n_pos': 291429, 'n_Dcheck': 904756, 'n_rejected': 86694, 'n_moved': 46391, 'O_lost': 14133, 'n_abort': 8663, 'n_abort_unamen': 8663, 'cn_shrink': 1211, 'forb_shrink': 8} 195.9
2260 {'n_scm': 1869, 'n_U0': 7769, 'n_full_enum': 1789, 'n_query_pos': 12413, 'n_trial': 388654, 'n_stamped': 301669, 'n_pos': 292960, 'n_Dcheck': 911258, 'n_rejected': 86985, 'n_moved': 46671, 'O_lost': 14254, 'n_abort': 8709, 'n_abort_unamen': 8709, 'cn_shrink': 1211, 'forb_shrink': 8} 197.5
2300 {'n_scm': 1904, 'n_U0': 7897, 'n_full_enum': 1823, 'n_query_pos': 12605, 'n_trial': 393558, 'n_stamped': 305577, 'n_pos': 296635, 'n_Dcheck': 931008, 'n_rejected': 87981, 'n_moved': 47319, 'O_lost': 14457, 'n_abort': 8942, 'n_abort_unamen': 8942, 'cn_shrink': 1221, 'forb_shrink': 8} 200.4
2320 {'n_scm': 1921, 'n_U0': 7984, 'n_full_enum': 1839, 'n_query_pos': 12716, 'n_trial': 397394, 'n_stamped': 308896, 'n_pos': 299883, 'n_Dcheck': 942589, 'n_rejected': 88498, 'n_moved': 47841, 'O_lost': 14642, 'n_abort': 9013, 'n_abort_unamen': 9013, 'cn_shrink': 1227, 'forb_shrink': 8} 202.7
2340 {'n_scm': 1940, 'n_U0': 8048, 'n_full_enum': 1858, 'n_query_pos': 12849, 'n_trial': 400760, 'n_stamped': 311452, 'n_pos': 302323, 'n_Dcheck': 950117, 'n_rejected': 89308, 'n_moved': 48225, 'O_lost': 14769, 'n_abort': 9129, 'n_abort_unamen': 9129, 'cn_shrink': 1227, 'forb_shrink': 8} 206.1
2360 {'n_scm': 1956, 'n_U0': 8121, 'n_full_enum': 1874, 'n_query_pos': 12961, 'n_trial': 404284, 'n_stamped': 313947, 'n_pos': 304702, 'n_Dcheck': 959037, 'n_rejected': 90337, 'n_moved': 48589, 'O_lost': 14880, 'n_abort': 9245, 'n_abort_unamen': 9245, 'cn_shrink': 1256, 'forb_shrink': 8} 208.5
2400 {'n_scm': 1985, 'n_U0': 8207, 'n_full_enum': 1902, 'n_query_pos': 13219, 'n_trial': 412394, 'n_stamped': 320347, 'n_pos': 311000, 'n_Dcheck': 974556, 'n_rejected': 92047, 'n_moved': 49731, 'O_lost': 15206, 'n_abort': 9347, 'n_abort_unamen': 9347, 'cn_shrink': 1256, 'forb_shrink': 8} 212.8
2420 {'n_scm': 1999, 'n_U0': 8281, 'n_full_enum': 1915, 'n_query_pos': 13311, 'n_trial': 415044, 'n_stamped': 322129, 'n_pos': 312706, 'n_Dcheck': 978813, 'n_rejected': 92915, 'n_moved': 49919, 'O_lost': 15245, 'n_abort': 9423, 'n_abort_unamen': 9423, 'cn_shrink': 1256, 'forb_shrink': 8} 214.2
2440 {'n_scm': 2016, 'n_U0': 8335, 'n_full_enum': 1932, 'n_query_pos': 13410, 'n_trial': 416828, 'n_stamped': 323479, 'n_pos': 313981, 'n_Dcheck': 983954, 'n_rejected': 93349, 'n_moved': 50160, 'O_lost': 15331, 'n_abort': 9498, 'n_abort_unamen': 9498, 'cn_shrink': 1256, 'forb_shrink': 8} 215.1
2460 {'n_scm': 2034, 'n_U0': 8434, 'n_full_enum': 1949, 'n_query_pos': 13504, 'n_trial': 419942, 'n_stamped': 326130, 'n_pos': 316534, 'n_Dcheck': 994130, 'n_rejected': 93812, 'n_moved': 50653, 'O_lost': 15508, 'n_abort': 9596, 'n_abort_unamen': 9596, 'cn_shrink': 1274, 'forb_shrink': 8} 217.7
2500 {'n_scm': 2067, 'n_U0': 8552, 'n_full_enum': 1982, 'n_query_pos': 13764, 'n_trial': 428508, 'n_stamped': 332704, 'n_pos': 322933, 'n_Dcheck': 1012701, 'n_rejected': 95804, 'n_moved': 51772, 'O_lost': 15795, 'n_abort': 9771, 'n_abort_unamen': 9771, 'cn_shrink': 1274, 'forb_shrink': 8} 224.8
2520 {'n_scm': 2083, 'n_U0': 8645, 'n_full_enum': 1997, 'n_query_pos': 13826, 'n_trial': 431004, 'n_stamped': 334455, 'n_pos': 324585, 'n_Dcheck': 1019742, 'n_rejected': 96549, 'n_moved': 51989, 'O_lost': 15864, 'n_abort': 9870, 'n_abort_unamen': 9870, 'cn_shrink': 1274, 'forb_shrink': 8} 228.6
2560 {'n_scm': 2116, 'n_U0': 8771, 'n_full_enum': 2028, 'n_query_pos': 14061, 'n_trial': 437182, 'n_stamped': 339237, 'n_pos': 329144, 'n_Dcheck': 1036139, 'n_rejected': 97945, 'n_moved': 52732, 'O_lost': 16105, 'n_abort': 10093, 'n_abort_unamen': 10093, 'cn_shrink': 1323, 'forb_shrink': 8} 235.6
2580 {'n_scm': 2133, 'n_U0': 8836, 'n_full_enum': 2045, 'n_query_pos': 14178, 'n_trial': 440640, 'n_stamped': 341849, 'n_pos': 331715, 'n_Dcheck': 1040756, 'n_rejected': 98791, 'n_moved': 53091, 'O_lost': 16227, 'n_abort': 10134, 'n_abort_unamen': 10134, 'cn_shrink': 1327, 'forb_shrink': 8} 239.7
2600 {'n_scm': 2150, 'n_U0': 8908, 'n_full_enum': 2062, 'n_query_pos': 14266, 'n_trial': 442596, 'n_stamped': 343355, 'n_pos': 333157, 'n_Dcheck': 1045293, 'n_rejected': 99241, 'n_moved': 53302, 'O_lost': 16315, 'n_abort': 10198, 'n_abort_unamen': 10198, 'cn_shrink': 1327, 'forb_shrink': 8} 241.9
2620 {'n_scm': 2169, 'n_U0': 8985, 'n_full_enum': 2080, 'n_query_pos': 14423, 'n_trial': 448410, 'n_stamped': 347633, 'n_pos': 337324, 'n_Dcheck': 1053425, 'n_rejected': 100777, 'n_moved': 53985, 'O_lost': 16479, 'n_abort': 10309, 'n_abort_unamen': 10309, 'cn_shrink': 1327, 'forb_shrink': 8} 247.9
2640 {'n_scm': 2185, 'n_U0': 9092, 'n_full_enum': 2094, 'n_query_pos': 14482, 'n_trial': 450708, 'n_stamped': 349676, 'n_pos': 339343, 'n_Dcheck': 1059395, 'n_rejected': 101032, 'n_moved': 54297, 'O_lost': 16544, 'n_abort': 10333, 'n_abort_unamen': 10333, 'cn_shrink': 1336, 'forb_shrink': 8} 252.8
2660 {'n_scm': 2199, 'n_U0': 9165, 'n_full_enum': 2107, 'n_query_pos': 14566, 'n_trial': 454810, 'n_stamped': 353027, 'n_pos': 342548, 'n_Dcheck': 1071009, 'n_rejected': 101783, 'n_moved': 54865, 'O_lost': 16701, 'n_abort': 10479, 'n_abort_unamen': 10479, 'cn_shrink': 1340, 'forb_shrink': 8} 258.8
2680 {'n_scm': 2216, 'n_U0': 9230, 'n_full_enum': 2123, 'n_query_pos': 14689, 'n_trial': 458198, 'n_stamped': 355734, 'n_pos': 345130, 'n_Dcheck': 1084027, 'n_rejected': 102464, 'n_moved': 55351, 'O_lost': 16856, 'n_abort': 10604, 'n_abort_unamen': 10604, 'cn_shrink': 1395, 'forb_shrink': 8} 271.0
2700 {'n_scm': 2232, 'n_U0': 9305, 'n_full_enum': 2137, 'n_query_pos': 14801, 'n_trial': 461284, 'n_stamped': 358073, 'n_pos': 347344, 'n_Dcheck': 1092453, 'n_rejected': 103211, 'n_moved': 55726, 'O_lost': 16996, 'n_abort': 10729, 'n_abort_unamen': 10729, 'cn_shrink': 1416, 'forb_shrink': 8} 274.6
2740 {'n_scm': 2264, 'n_U0': 9463, 'n_full_enum': 2166, 'n_query_pos': 14973, 'n_trial': 466558, 'n_stamped': 362182, 'n_pos': 351285, 'n_Dcheck': 1108685, 'n_rejected': 104376, 'n_moved': 56261, 'O_lost': 17186, 'n_abort': 10897, 'n_abort_unamen': 10897, 'cn_shrink': 1420, 'forb_shrink': 8} 281.2
2760 {'n_scm': 2281, 'n_U0': 9543, 'n_full_enum': 2181, 'n_query_pos': 15089, 'n_trial': 471180, 'n_stamped': 365966, 'n_pos': 354981, 'n_Dcheck': 1118302, 'n_rejected': 105214, 'n_moved': 56812, 'O_lost': 17369, 'n_abort': 10985, 'n_abort_unamen': 10985, 'cn_shrink': 1420, 'forb_shrink': 8} 286.4
2800 {'n_scm': 2314, 'n_U0': 9681, 'n_full_enum': 2212, 'n_query_pos': 15306, 'n_trial': 477392, 'n_stamped': 370723, 'n_pos': 359643, 'n_Dcheck': 1134585, 'n_rejected': 106669, 'n_moved': 57743, 'O_lost': 17625, 'n_abort': 11080, 'n_abort_unamen': 11080, 'cn_shrink': 1432, 'forb_shrink': 8} 294.1
2820 {'n_scm': 2330, 'n_U0': 9753, 'n_full_enum': 2227, 'n_query_pos': 15406, 'n_trial': 480144, 'n_stamped': 372805, 'n_pos': 361601, 'n_Dcheck': 1142723, 'n_rejected': 107339, 'n_moved': 58084, 'O_lost': 17766, 'n_abort': 11204, 'n_abort_unamen': 11204, 'cn_shrink': 1432, 'forb_shrink': 8} 298.0
2840 {'n_scm': 2348, 'n_U0': 9824, 'n_full_enum': 2245, 'n_query_pos': 15529, 'n_trial': 484382, 'n_stamped': 376199, 'n_pos': 364891, 'n_Dcheck': 1156611, 'n_rejected': 108183, 'n_moved': 58522, 'O_lost': 17905, 'n_abort': 11308, 'n_abort_unamen': 11308, 'cn_shrink': 1460, 'forb_shrink': 8} 303.3
2860 {'n_scm': 2363, 'n_U0': 9890, 'n_full_enum': 2260, 'n_query_pos': 15597, 'n_trial': 486780, 'n_stamped': 378167, 'n_pos': 366778, 'n_Dcheck': 1166383, 'n_rejected': 108613, 'n_moved': 58798, 'O_lost': 18004, 'n_abort': 11389, 'n_abort_unamen': 11389, 'cn_shrink': 1478, 'forb_shrink': 8} 307.2
2880 {'n_scm': 2380, 'n_U0': 9935, 'n_full_enum': 2277, 'n_query_pos': 15757, 'n_trial': 492090, 'n_stamped': 382184, 'n_pos': 370712, 'n_Dcheck': 1181551, 'n_rejected': 109906, 'n_moved': 59372, 'O_lost': 18156, 'n_abort': 11472, 'n_abort_unamen': 11472, 'cn_shrink': 1482, 'forb_shrink': 8} 313.3
2900 {'n_scm': 2399, 'n_U0': 10023, 'n_full_enum': 2295, 'n_query_pos': 15891, 'n_trial': 497630, 'n_stamped': 386400, 'n_pos': 374808, 'n_Dcheck': 1192403, 'n_rejected': 111230, 'n_moved': 60080, 'O_lost': 18371, 'n_abort': 11592, 'n_abort_unamen': 11592, 'cn_shrink': 1482, 'forb_shrink': 8} 328.4
2920 {'n_scm': 2416, 'n_U0': 10106, 'n_full_enum': 2312, 'n_query_pos': 15978, 'n_trial': 499452, 'n_stamped': 387614, 'n_pos': 375947, 'n_Dcheck': 1196877, 'n_rejected': 111838, 'n_moved': 60335, 'O_lost': 18443, 'n_abort': 11667, 'n_abort_unamen': 11667, 'cn_shrink': 1482, 'forb_shrink': 8} 331.6
2960 {'n_scm': 2447, 'n_U0': 10235, 'n_full_enum': 2342, 'n_query_pos': 16189, 'n_trial': 506264, 'n_stamped': 393140, 'n_pos': 381358, 'n_Dcheck': 1211225, 'n_rejected': 113124, 'n_moved': 61040, 'O_lost': 18668, 'n_abort': 11782, 'n_abort_unamen': 11782, 'cn_shrink': 1515, 'forb_shrink': 8} 340.2
2980 {'n_scm': 2464, 'n_U0': 10317, 'n_full_enum': 2357, 'n_query_pos': 16300, 'n_trial': 510184, 'n_stamped': 396183, 'n_pos': 384247, 'n_Dcheck': 1221611, 'n_rejected': 114001, 'n_moved': 61454, 'O_lost': 18792, 'n_abort': 11936, 'n_abort_unamen': 11936, 'cn_shrink': 1515, 'forb_shrink': 8} 345.0
3000 {'n_scm': 2479, 'n_U0': 10364, 'n_full_enum': 2372, 'n_query_pos': 16421, 'n_trial': 513986, 'n_stamped': 399022, 'n_pos': 387008, 'n_Dcheck': 1228534, 'n_rejected': 114964, 'n_moved': 61860, 'O_lost': 18934, 'n_abort': 12014, 'n_abort_unamen': 12014, 'cn_shrink': 1515, 'forb_shrink': 8} 349.0
3020 {'n_scm': 2494, 'n_U0': 10445, 'n_full_enum': 2385, 'n_query_pos': 16516, 'n_trial': 516950, 'n_stamped': 401333, 'n_pos': 389197, 'n_Dcheck': 1237529, 'n_rejected': 115617, 'n_moved': 62258, 'O_lost': 19085, 'n_abort': 12136, 'n_abort_unamen': 12136, 'cn_shrink': 1519, 'forb_shrink': 8} 353.2
3040 {'n_scm': 2507, 'n_U0': 10470, 'n_full_enum': 2398, 'n_query_pos': 16617, 'n_trial': 520626, 'n_stamped': 404390, 'n_pos': 392225, 'n_Dcheck': 1242063, 'n_rejected': 116236, 'n_moved': 62786, 'O_lost': 19181, 'n_abort': 12165, 'n_abort_unamen': 12165, 'cn_shrink': 1524, 'forb_shrink': 8} 356.6
3060 {'n_scm': 2523, 'n_U0': 10511, 'n_full_enum': 2414, 'n_query_pos': 16734, 'n_trial': 524074, 'n_stamped': 407167, 'n_pos': 394974, 'n_Dcheck': 1246901, 'n_rejected': 116907, 'n_moved': 63186, 'O_lost': 19279, 'n_abort': 12193, 'n_abort_unamen': 12193, 'cn_shrink': 1530, 'forb_shrink': 8} 360.1
3080 {'n_scm': 2540, 'n_U0': 10579, 'n_full_enum': 2431, 'n_query_pos': 16869, 'n_trial': 528362, 'n_stamped': 410576, 'n_pos': 398250, 'n_Dcheck': 1260590, 'n_rejected': 117786, 'n_moved': 63803, 'O_lost': 19462, 'n_abort': 12326, 'n_abort_unamen': 12326, 'cn_shrink': 1617, 'forb_shrink': 8} 365.9
3100 {'n_scm': 2559, 'n_U0': 10622, 'n_full_enum': 2449, 'n_query_pos': 17051, 'n_trial': 533146, 'n_stamped': 414422, 'n_pos': 402056, 'n_Dcheck': 1270263, 'n_rejected': 118724, 'n_moved': 64403, 'O_lost': 19680, 'n_abort': 12366, 'n_abort_unamen': 12366, 'cn_shrink': 1619, 'forb_shrink': 8} 371.0
3120 {'n_scm': 2577, 'n_U0': 10703, 'n_full_enum': 2465, 'n_query_pos': 17173, 'n_trial': 536596, 'n_stamped': 416914, 'n_pos': 404500, 'n_Dcheck': 1275793, 'n_rejected': 119682, 'n_moved': 64924, 'O_lost': 19818, 'n_abort': 12414, 'n_abort_unamen': 12414, 'cn_shrink': 1623, 'forb_shrink': 8} 374.8
3140 {'n_scm': 2595, 'n_U0': 10784, 'n_full_enum': 2481, 'n_query_pos': 17309, 'n_trial': 540308, 'n_stamped': 419717, 'n_pos': 407240, 'n_Dcheck': 1282023, 'n_rejected': 120591, 'n_moved': 65356, 'O_lost': 19945, 'n_abort': 12477, 'n_abort_unamen': 12477, 'cn_shrink': 1638, 'forb_shrink': 8} 379.2
3160 {'n_scm': 2613, 'n_U0': 10849, 'n_full_enum': 2499, 'n_query_pos': 17434, 'n_trial': 543596, 'n_stamped': 422072, 'n_pos': 409460, 'n_Dcheck': 1288761, 'n_rejected': 121524, 'n_moved': 65713, 'O_lost': 20073, 'n_abort': 12612, 'n_abort_unamen': 12612, 'cn_shrink': 1642, 'forb_shrink': 8} 384.6
3180 {'n_scm': 2630, 'n_U0': 10950, 'n_full_enum': 2515, 'n_query_pos': 17500, 'n_trial': 545606, 'n_stamped': 423677, 'n_pos': 410959, 'n_Dcheck': 1296151, 'n_rejected': 121929, 'n_moved': 65995, 'O_lost': 20172, 'n_abort': 12718, 'n_abort_unamen': 12718, 'cn_shrink': 1670, 'forb_shrink': 8} 388.9
3200 {'n_scm': 2648, 'n_U0': 10989, 'n_full_enum': 2533, 'n_query_pos': 17678, 'n_trial': 550806, 'n_stamped': 427499, 'n_pos': 414692, 'n_Dcheck': 1304081, 'n_rejected': 123307, 'n_moved': 66622, 'O_lost': 20340, 'n_abort': 12807, 'n_abort_unamen': 12807, 'cn_shrink': 1670, 'forb_shrink': 8} 393.9
3220 {'n_scm': 2662, 'n_U0': 11030, 'n_full_enum': 2547, 'n_query_pos': 17799, 'n_trial': 555554, 'n_stamped': 430958, 'n_pos': 418054, 'n_Dcheck': 1312864, 'n_rejected': 124596, 'n_moved': 67150, 'O_lost': 20463, 'n_abort': 12904, 'n_abort_unamen': 12904, 'cn_shrink': 1670, 'forb_shrink': 8} 398.9
3240 {'n_scm': 2678, 'n_U0': 11073, 'n_full_enum': 2563, 'n_query_pos': 17945, 'n_trial': 559592, 'n_stamped': 433907, 'n_pos': 420941, 'n_Dcheck': 1320334, 'n_rejected': 125685, 'n_moved': 67558, 'O_lost': 20591, 'n_abort': 12966, 'n_abort_unamen': 12966, 'cn_shrink': 1778, 'forb_shrink': 8} 403.4
3260 {'n_scm': 2694, 'n_U0': 11122, 'n_full_enum': 2579, 'n_query_pos': 18077, 'n_trial': 564106, 'n_stamped': 437513, 'n_pos': 424473, 'n_Dcheck': 1328198, 'n_rejected': 126593, 'n_moved': 67955, 'O_lost': 20702, 'n_abort': 13040, 'n_abort_unamen': 13040, 'cn_shrink': 1782, 'forb_shrink': 8} 408.9
3280 {'n_scm': 2710, 'n_U0': 11157, 'n_full_enum': 2595, 'n_query_pos': 18245, 'n_trial': 569906, 'n_stamped': 441890, 'n_pos': 428832, 'n_Dcheck': 1334700, 'n_rejected': 128016, 'n_moved': 68817, 'O_lost': 20930, 'n_abort': 13058, 'n_abort_unamen': 13058, 'cn_shrink': 1782, 'forb_shrink': 8} 414.7
3300 {'n_scm': 2729, 'n_U0': 11218, 'n_full_enum': 2614, 'n_query_pos': 18417, 'n_trial': 575406, 'n_stamped': 445728, 'n_pos': 432581, 'n_Dcheck': 1344166, 'n_rejected': 129678, 'n_moved': 69477, 'O_lost': 21153, 'n_abort': 13147, 'n_abort_unamen': 13147, 'cn_shrink': 1790, 'forb_shrink': 8} 421.7
3320 {'n_scm': 2745, 'n_U0': 11282, 'n_full_enum': 2630, 'n_query_pos': 18541, 'n_trial': 580040, 'n_stamped': 449508, 'n_pos': 436188, 'n_Dcheck': 1357925, 'n_rejected': 130532, 'n_moved': 70031, 'O_lost': 21343, 'n_abort': 13320, 'n_abort_unamen': 13320, 'cn_shrink': 1814, 'forb_shrink': 8} 427.8
3340 {'n_scm': 2760, 'n_U0': 11345, 'n_full_enum': 2644, 'n_query_pos': 18605, 'n_trial': 582376, 'n_stamped': 451262, 'n_pos': 437904, 'n_Dcheck': 1363616, 'n_rejected': 131114, 'n_moved': 70315, 'O_lost': 21417, 'n_abort': 13358, 'n_abort_unamen': 13358, 'cn_shrink': 1814, 'forb_shrink': 8} 430.3
3360 {'n_scm': 2774, 'n_U0': 11420, 'n_full_enum': 2658, 'n_query_pos': 18671, 'n_trial': 585000, 'n_stamped': 453280, 'n_pos': 439834, 'n_Dcheck': 1370482, 'n_rejected': 131720, 'n_moved': 70611, 'O_lost': 21517, 'n_abort': 13446, 'n_abort_unamen': 13446, 'cn_shrink': 1814, 'forb_shrink': 8} 434.8
3380 {'n_scm': 2790, 'n_U0': 11471, 'n_full_enum': 2674, 'n_query_pos': 18804, 'n_trial': 589190, 'n_stamped': 456461, 'n_pos': 442890, 'n_Dcheck': 1381674, 'n_rejected': 132729, 'n_moved': 71015, 'O_lost': 21666, 'n_abort': 13571, 'n_abort_unamen': 13571, 'cn_shrink': 1830, 'forb_shrink': 8} 440.8
3400 {'n_scm': 2807, 'n_U0': 11549, 'n_full_enum': 2691, 'n_query_pos': 18904, 'n_trial': 591912, 'n_stamped': 458789, 'n_pos': 445071, 'n_Dcheck': 1396124, 'n_rejected': 133123, 'n_moved': 71380, 'O_lost': 21831, 'n_abort': 13718, 'n_abort_unamen': 13718, 'cn_shrink': 1856, 'forb_shrink': 8} 446.4
3420 {'n_scm': 2824, 'n_U0': 11628, 'n_full_enum': 2707, 'n_query_pos': 18993, 'n_trial': 595620, 'n_stamped': 461415, 'n_pos': 447630, 'n_Dcheck': 1402487, 'n_rejected': 134205, 'n_moved': 71793, 'O_lost': 21950, 'n_abort': 13785, 'n_abort_unamen': 13785, 'cn_shrink': 1856, 'forb_shrink': 8} 450.8
3440 {'n_scm': 2840, 'n_U0': 11673, 'n_full_enum': 2723, 'n_query_pos': 19127, 'n_trial': 598752, 'n_stamped': 463838, 'n_pos': 449930, 'n_Dcheck': 1410228, 'n_rejected': 134914, 'n_moved': 72237, 'O_lost': 22104, 'n_abort': 13908, 'n_abort_unamen': 13908, 'cn_shrink': 1856, 'forb_shrink': 8} 454.5
3460 {'n_scm': 2857, 'n_U0': 11729, 'n_full_enum': 2740, 'n_query_pos': 19255, 'n_trial': 602488, 'n_stamped': 466432, 'n_pos': 452467, 'n_Dcheck': 1415248, 'n_rejected': 136056, 'n_moved': 72805, 'O_lost': 22298, 'n_abort': 13965, 'n_abort_unamen': 13965, 'cn_shrink': 1856, 'forb_shrink': 8} 458.3
3480 {'n_scm': 2872, 'n_U0': 11771, 'n_full_enum': 2755, 'n_query_pos': 19403, 'n_trial': 609150, 'n_stamped': 471937, 'n_pos': 457896, 'n_Dcheck': 1427369, 'n_rejected': 137213, 'n_moved': 73501, 'O_lost': 22473, 'n_abort': 14041, 'n_abort_unamen': 14041, 'cn_shrink': 1856, 'forb_shrink': 8} 467.3
3500 {'n_scm': 2886, 'n_U0': 11841, 'n_full_enum': 2769, 'n_query_pos': 19500, 'n_trial': 611400, 'n_stamped': 473793, 'n_pos': 459736, 'n_Dcheck': 1432449, 'n_rejected': 137607, 'n_moved': 73841, 'O_lost': 22619, 'n_abort': 14057, 'n_abort_unamen': 14057, 'cn_shrink': 1876, 'forb_shrink': 8} 475.2
3520 {'n_scm': 2902, 'n_U0': 11929, 'n_full_enum': 2784, 'n_query_pos': 19582, 'n_trial': 613454, 'n_stamped': 475294, 'n_pos': 461190, 'n_Dcheck': 1436365, 'n_rejected': 138160, 'n_moved': 74121, 'O_lost': 22746, 'n_abort': 14104, 'n_abort_unamen': 14104, 'cn_shrink': 1892, 'forb_shrink': 8} 480.6
3540 {'n_scm': 2917, 'n_U0': 11995, 'n_full_enum': 2799, 'n_query_pos': 19689, 'n_trial': 616942, 'n_stamped': 478007, 'n_pos': 463859, 'n_Dcheck': 1445488, 'n_rejected': 138935, 'n_moved': 74507, 'O_lost': 22869, 'n_abort': 14148, 'n_abort_unamen': 14148, 'cn_shrink': 1898, 'forb_shrink': 8} 488.5
3560 {'n_scm': 2934, 'n_U0': 12036, 'n_full_enum': 2816, 'n_query_pos': 19861, 'n_trial': 620594, 'n_stamped': 480468, 'n_pos': 466240, 'n_Dcheck': 1451877, 'n_rejected': 140126, 'n_moved': 74838, 'O_lost': 22962, 'n_abort': 14228, 'n_abort_unamen': 14228, 'cn_shrink': 1898, 'forb_shrink': 8} 494.0
3580 {'n_scm': 2949, 'n_U0': 12097, 'n_full_enum': 2830, 'n_query_pos': 19954, 'n_trial': 622356, 'n_stamped': 481608, 'n_pos': 467346, 'n_Dcheck': 1455457, 'n_rejected': 140748, 'n_moved': 74986, 'O_lost': 23003, 'n_abort': 14262, 'n_abort_unamen': 14262, 'cn_shrink': 1898, 'forb_shrink': 8} 504.2
3620 {'n_scm': 2983, 'n_U0': 12252, 'n_full_enum': 2861, 'n_query_pos': 20173, 'n_trial': 629482, 'n_stamped': 486988, 'n_pos': 472461, 'n_Dcheck': 1470632, 'n_rejected': 142494, 'n_moved': 75716, 'O_lost': 23184, 'n_abort': 14527, 'n_abort_unamen': 14527, 'cn_shrink': 1898, 'forb_shrink': 8} 519.2
3640 {'n_scm': 3001, 'n_U0': 12298, 'n_full_enum': 2879, 'n_query_pos': 20332, 'n_trial': 632774, 'n_stamped': 489601, 'n_pos': 474990, 'n_Dcheck': 1477707, 'n_rejected': 143173, 'n_moved': 76075, 'O_lost': 23339, 'n_abort': 14611, 'n_abort_unamen': 14611, 'cn_shrink': 1925, 'forb_shrink': 8} 522.4
3660 {'n_scm': 3017, 'n_U0': 12360, 'n_full_enum': 2895, 'n_query_pos': 20459, 'n_trial': 638388, 'n_stamped': 493903, 'n_pos': 479170, 'n_Dcheck': 1491630, 'n_rejected': 144485, 'n_moved': 76595, 'O_lost': 23496, 'n_abort': 14733, 'n_abort_unamen': 14733, 'cn_shrink': 1935, 'forb_shrink': 8} 528.4
3680 {'n_scm': 3034, 'n_U0': 12425, 'n_full_enum': 2911, 'n_query_pos': 20582, 'n_trial': 642944, 'n_stamped': 497536, 'n_pos': 482648, 'n_Dcheck': 1501313, 'n_rejected': 145408, 'n_moved': 77066, 'O_lost': 23662, 'n_abort': 14888, 'n_abort_unamen': 14888, 'cn_shrink': 1935, 'forb_shrink': 8} 533.6
3720 {'n_scm': 3065, 'n_U0': 12601, 'n_full_enum': 2941, 'n_query_pos': 20783, 'n_trial': 649698, 'n_stamped': 502893, 'n_pos': 487838, 'n_Dcheck': 1521310, 'n_rejected': 146805, 'n_moved': 77960, 'O_lost': 23947, 'n_abort': 15055, 'n_abort_unamen': 15055, 'cn_shrink': 1947, 'forb_shrink': 8} 546.6
3740 {'n_scm': 3079, 'n_U0': 12658, 'n_full_enum': 2954, 'n_query_pos': 20924, 'n_trial': 654830, 'n_stamped': 506783, 'n_pos': 491689, 'n_Dcheck': 1527226, 'n_rejected': 148047, 'n_moved': 78414, 'O_lost': 24014, 'n_abort': 15094, 'n_abort_unamen': 15094, 'cn_shrink': 1947, 'forb_shrink': 8} 552.1
3760 {'n_scm': 3097, 'n_U0': 12718, 'n_full_enum': 2972, 'n_query_pos': 21065, 'n_trial': 659332, 'n_stamped': 510159, 'n_pos': 495005, 'n_Dcheck': 1534905, 'n_rejected': 149173, 'n_moved': 78827, 'O_lost': 24118, 'n_abort': 15154, 'n_abort_unamen': 15154, 'cn_shrink': 1947, 'forb_shrink': 8} 556.2
3780 {'n_scm': 3114, 'n_U0': 12816, 'n_full_enum': 2988, 'n_query_pos': 21140, 'n_trial': 661140, 'n_stamped': 511524, 'n_pos': 496309, 'n_Dcheck': 1539589, 'n_rejected': 149616, 'n_moved': 78988, 'O_lost': 24199, 'n_abort': 15215, 'n_abort_unamen': 15215, 'cn_shrink': 1949, 'forb_shrink': 8} 559.1
3800 {'n_scm': 3129, 'n_U0': 12880, 'n_full_enum': 3003, 'n_query_pos': 21237, 'n_trial': 663576, 'n_stamped': 513344, 'n_pos': 498068, 'n_Dcheck': 1546769, 'n_rejected': 150232, 'n_moved': 79250, 'O_lost': 24292, 'n_abort': 15276, 'n_abort_unamen': 15276, 'cn_shrink': 1983, 'forb_shrink': 8} 562.6
3820 {'n_scm': 3143, 'n_U0': 12933, 'n_full_enum': 3017, 'n_query_pos': 21349, 'n_trial': 666980, 'n_stamped': 515835, 'n_pos': 500494, 'n_Dcheck': 1556256, 'n_rejected': 151145, 'n_moved': 79576, 'O_lost': 24364, 'n_abort': 15341, 'n_abort_unamen': 15341, 'cn_shrink': 1983, 'forb_shrink': 8} 566.8
3840 {'n_scm': 3160, 'n_U0': 13009, 'n_full_enum': 3033, 'n_query_pos': 21442, 'n_trial': 669612, 'n_stamped': 517716, 'n_pos': 502353, 'n_Dcheck': 1561124, 'n_rejected': 151896, 'n_moved': 79864, 'O_lost': 24447, 'n_abort': 15363, 'n_abort_unamen': 15363, 'cn_shrink': 1989, 'forb_shrink': 8} 575.0
3860 {'n_scm': 3176, 'n_U0': 13096, 'n_full_enum': 3046, 'n_query_pos': 21555, 'n_trial': 672208, 'n_stamped': 519490, 'n_pos': 504056, 'n_Dcheck': 1564611, 'n_rejected': 152718, 'n_moved': 80233, 'O_lost': 24576, 'n_abort': 15434, 'n_abort_unamen': 15434, 'cn_shrink': 1989, 'forb_shrink': 8} 577.5
3880 {'n_scm': 3192, 'n_U0': 13152, 'n_full_enum': 3062, 'n_query_pos': 21649, 'n_trial': 674856, 'n_stamped': 521509, 'n_pos': 506037, 'n_Dcheck': 1569166, 'n_rejected': 153347, 'n_moved': 80612, 'O_lost': 24695, 'n_abort': 15472, 'n_abort_unamen': 15472, 'cn_shrink': 2015, 'forb_shrink': 8} 579.9
3900 {'n_scm': 3206, 'n_U0': 13227, 'n_full_enum': 3073, 'n_query_pos': 21764, 'n_trial': 678322, 'n_stamped': 523940, 'n_pos': 508441, 'n_Dcheck': 1574307, 'n_rejected': 154382, 'n_moved': 80966, 'O_lost': 24837, 'n_abort': 15499, 'n_abort_unamen': 15499, 'cn_shrink': 2015, 'forb_shrink': 8} 583.3
3920 {'n_scm': 3223, 'n_U0': 13281, 'n_full_enum': 3090, 'n_query_pos': 21903, 'n_trial': 683980, 'n_stamped': 528830, 'n_pos': 513256, 'n_Dcheck': 1585718, 'n_rejected': 155150, 'n_moved': 81635, 'O_lost': 25081, 'n_abort': 15574, 'n_abort_unamen': 15574, 'cn_shrink': 2036, 'forb_shrink': 8} 588.7
3940 {'n_scm': 3240, 'n_U0': 13325, 'n_full_enum': 3106, 'n_query_pos': 22071, 'n_trial': 688646, 'n_stamped': 532619, 'n_pos': 516926, 'n_Dcheck': 1597191, 'n_rejected': 156027, 'n_moved': 82186, 'O_lost': 25251, 'n_abort': 15693, 'n_abort_unamen': 15693, 'cn_shrink': 2036, 'forb_shrink': 8} 593.1
3960 {'n_scm': 3258, 'n_U0': 13391, 'n_full_enum': 3124, 'n_query_pos': 22191, 'n_trial': 692002, 'n_stamped': 535225, 'n_pos': 519499, 'n_Dcheck': 1602479, 'n_rejected': 156777, 'n_moved': 82594, 'O_lost': 25398, 'n_abort': 15726, 'n_abort_unamen': 15726, 'cn_shrink': 2056, 'forb_shrink': 8} 596.0
3980 {'n_scm': 3274, 'n_U0': 13457, 'n_full_enum': 3140, 'n_query_pos': 22301, 'n_trial': 695332, 'n_stamped': 537816, 'n_pos': 522012, 'n_Dcheck': 1611741, 'n_rejected': 157516, 'n_moved': 82876, 'O_lost': 25460, 'n_abort': 15804, 'n_abort_unamen': 15804, 'cn_shrink': 2065, 'forb_shrink': 8} 599.9
FINAL {
 "n_scm": 3276,
 "n_U0": 13469,
 "n_full_enum": 3142,
 "n_query_pos": 22305,
 "n_trial": 695620,
 "n_stamped": 538092,
 "n_pos": 522255,
 "n_Dcheck": 1616115,
 "n_rejected": 157528,
 "n_moved": 82906,
 "O_lost": 25471,
 "n_abort": 15837,
 "n_abort_unamen": 15837,
 "cn_shrink": 2065,
 "forb_shrink": 8
}
n_hits 6 n_violation 0
