[cfirewall p=5 census] 8782 distinct CPDAGs
  219/8782 cpdags  1s  trials=36322 viol=0
  438/8782 cpdags  1s  trials=96762 viol=0
  657/8782 cpdags  2s  trials=138272 viol=0
  876/8782 cpdags  2s  trials=203590 viol=0
  1095/8782 cpdags  3s  trials=265459 viol=0
  1314/8782 cpdags  4s  trials=326177 viol=0
  1533/8782 cpdags  4s  trials=364100 viol=0
  1752/8782 cpdags  5s  trials=415172 viol=0
  1971/8782 cpdags  5s  trials=475672 viol=0
  2190/8782 cpdags  6s  trials=534891 viol=0
  2409/8782 cpdags  7s  trials=599571 viol=0
  2628/8782 cpdags  7s  trials=658094 viol=0
  2847/8782 cpdags  8s  trials=737294 viol=0
  3066/8782 cpdags  9s  trials=807276 viol=0
  3285/8782 cpdags  10s  trials=844730 viol=0
  3504/8782 cpdags  10s  trials=875941 viol=0
  3723/8782 cpdags  10s  trials=907141 viol=0
  3942/8782 cpdags  11s  trials=968930 viol=0
  4161/8782 cpdags  12s  trials=1021409 viol=0
  4380/8782 cpdags  12s  trials=1092580 viol=0
  4599/8782 cpdags  13s  trials=1142084 viol=0
  4818/8782 cpdags  14s  trials=1207847 viol=0
  5037/8782 cpdags  15s  trials=1275679 viol=0
  5256/8782 cpdags  16s  trials=1351779 viol=0
  5475/8782 cpdags  16s  trials=1402774 viol=0
  5694/8782 cpdags  17s  trials=1468338 viol=0
  5913/8782 cpdags  18s  trials=1542354 viol=0
  6132/8782 cpdags  19s  trials=1615662 viol=0
  6351/8782 cpdags  20s  trials=1707932 viol=0
  6570/8782 cpdags  23s  trials=1844082 viol=0
  6789/8782 cpdags  24s  trials=1881114 viol=0
  7008/8782 cpdags  24s  trials=1903841 viol=0
  7227/8782 cpdags  24s  trials=1936448 viol=0
  7446/8782 cpdags  25s  trials=1974004 viol=0
  7665/8782 cpdags  25s  trials=2011467 viol=0
  7884/8782 cpdags  25s  trials=2031581 viol=0
  8103/8782 cpdags  26s  trials=2059695 viol=0
  8322/8782 cpdags  26s  trials=2096163 viol=0
  8541/8782 cpdags  26s  trials=2127818 viol=0
  8760/8782 cpdags  27s  trials=2156290 viol=0
{
 "abort": 107340,
 "abort_unamen": 107340,
 "checks": 3267660,
 "clean_trials": 2053715,
 "ctrl_abort": 3000,
 "ctrl_moved": 173980,
 "ctrl_report": 718785,
 "ctrl_trial": 721785,
 "ctrl_violating": 130160,
 "ctrl_violating_allD": 130160,
 "ctrl_violating_moved": 130160,
 "ext_hist_1": 29160,
 "ext_hist_10": 150,
 "ext_hist_12": 290,
 "ext_hist_2": 24630,
 "ext_hist_24": 20,
 "ext_hist_3": 18000,
 "ext_hist_4": 4735,
 "ext_hist_5": 1380,
 "ext_hist_6": 2670,
 "ext_hist_7": 600,
 "ext_hist_8": 780,
 "ext_max": 24,
 "ext_total": 190180,
 "mpdag": 116992,
 "query_all": 2255220,
 "query_amenable": 394440,
 "rej_conflict": 0,
 "rej_cycle": 123705,
 "rej_notext": 123705,
 "report": 2053715,
 "report_moved": 402840,
 "report_multiD": 805935,
 "report_multiD_moved": 155940,
 "report_same": 1650875,
 "stmt_all": 620300,
 "stmt_coherent": 496595,
 "stmt_rejected": 123705,
 "trial": 2161055,
 "violating_trials": 0
}
VIOLATIONS: 0 trials / 0 (x,y,O*) keys   -> results/cfirewall_p5.json
