[cfirewall p=7 SAMPLE] 400 blocks x 300 (C,G0) draws = 120000
  10/400 blocks  11s  trials=412378 viol=0
  20/400 blocks  20s  trials=818566 viol=0
  30/400 blocks  25s  trials=1231406 viol=0
  40/400 blocks  34s  trials=1646050 viol=0
  50/400 blocks  43s  trials=2052649 viol=0
  60/400 blocks  50s  trials=2462434 viol=0
  70/400 blocks  60s  trials=2878318 viol=0
  80/400 blocks  71s  trials=3291810 viol=0
  90/400 blocks  78s  trials=3700937 viol=0
  100/400 blocks  89s  trials=4115191 viol=0
  110/400 blocks  100s  trials=4523969 viol=0
  120/400 blocks  107s  trials=4929438 viol=0
  130/400 blocks  118s  trials=5338194 viol=0
  140/400 blocks  129s  trials=5755172 viol=0
  150/400 blocks  137s  trials=6170996 viol=0
  160/400 blocks  147s  trials=6575765 viol=0
  170/400 blocks  156s  trials=6990319 viol=0
  180/400 blocks  164s  trials=7402202 viol=0
  190/400 blocks  174s  trials=7807193 viol=0
  200/400 blocks  185s  trials=8218638 viol=0
  210/400 blocks  191s  trials=8622669 viol=0
  220/400 blocks  199s  trials=9029445 viol=0
  230/400 blocks  208s  trials=9444779 viol=0
  240/400 blocks  215s  trials=9848122 viol=0
  250/400 blocks  224s  trials=10261865 viol=0
  260/400 blocks  233s  trials=10677214 viol=0
  270/400 blocks  241s  trials=11088170 viol=0
  280/400 blocks  249s  trials=11505910 viol=0
  290/400 blocks  258s  trials=11920114 viol=0
  300/400 blocks  266s  trials=12332084 viol=0
  310/400 blocks  274s  trials=12744861 viol=0
  320/400 blocks  282s  trials=13151836 viol=0
  330/400 blocks  290s  trials=13555825 viol=0
  340/400 blocks  297s  trials=13968130 viol=0
  350/400 blocks  306s  trials=14373727 viol=0
  360/400 blocks  313s  trials=14783274 viol=0
  370/400 blocks  321s  trials=15188325 viol=0
  380/400 blocks  328s  trials=15603278 viol=0
  390/400 blocks  336s  trials=16017728 viol=0
  400/400 blocks  343s  trials=16435189 viol=0
{
 "abort": 183098,
 "abort_unamen": 183098,
 "checks": 24827139,
 "clean_trials": 16252091,
 "ctrl_abort": 19021,
 "ctrl_moved": 1565455,
 "ctrl_report": 4338654,
 "ctrl_trial": 4357675,
 "ctrl_violating": 989594,
 "ctrl_violating_allD": 989594,
 "ctrl_violating_moved": 989594,
 "draw": 120000,
 "draw_skipped_bigclass": 192,
 "ext_hist_1": 60458,
 "ext_hist_10": 1109,
 "ext_hist_11": 65,
 "ext_hist_12": 768,
 "ext_hist_13": 147,
 "ext_hist_14": 222,
 "ext_hist_15": 93,
 "ext_hist_16": 188,
 "ext_hist_17": 9,
 "ext_hist_18": 108,
 "ext_hist_2": 23161,
 "ext_hist_20": 202,
 "ext_hist_21": 47,
 "ext_hist_24": 651,
 "ext_hist_3": 9454,
 "ext_hist_4": 7305,
 "ext_hist_5": 1186,
 "ext_hist_6": 3719,
 "ext_hist_7": 474,
 "ext_hist_8": 1916,
 "ext_hist_9": 241,
 "ext_max": 120,
 "ext_total": 274401,
 "mpdag": 119808,
 "query_all": 5020680,
 "query_amenable": 1103484,
 "rej_conflict": 0,
 "rej_cycle": 347278,
 "rej_notext": 347278,
 "report": 16252091,
 "report_moved": 2870115,
 "report_multiD": 4626721,
 "report_multiD_moved": 913338,
 "report_same": 13381976,
 "stmt_all": 2463776,
 "stmt_coherent": 2116498,
 "stmt_rejected": 347278,
 "trial": 16435189,
 "violating_trials": 0
}
VIOLATIONS: 0 trials / 0 (x,y,O*) keys   -> results/cfirewall_p7_sample.json
