[cfirewall p=8 SAMPLE] 400 blocks x 100 (C,G0) draws = 40000
  10/400 blocks  4s  trials=263428 viol=0
  20/400 blocks  9s  trials=529529 viol=0
  30/400 blocks  14s  trials=801885 viol=0
  40/400 blocks  19s  trials=1069378 viol=0
  50/400 blocks  24s  trials=1338296 viol=0
  60/400 blocks  28s  trials=1612538 viol=0
  70/400 blocks  32s  trials=1886418 viol=0
  80/400 blocks  37s  trials=2153721 viol=0
  90/400 blocks  42s  trials=2428578 viol=0
  100/400 blocks  47s  trials=2695580 viol=0
  110/400 blocks  52s  trials=2977763 viol=0
  120/400 blocks  59s  trials=3241338 viol=0
  130/400 blocks  65s  trials=3513137 viol=0
  140/400 blocks  72s  trials=3777153 viol=0
  150/400 blocks  80s  trials=4050006 viol=0
  160/400 blocks  87s  trials=4321636 viol=0
  170/400 blocks  95s  trials=4600527 viol=0
  180/400 blocks  103s  trials=4876664 viol=0
  190/400 blocks  112s  trials=5146732 viol=0
  200/400 blocks  120s  trials=5408809 viol=0
  210/400 blocks  128s  trials=5678176 viol=0
  220/400 blocks  136s  trials=5957624 viol=0
  230/400 blocks  144s  trials=6228710 viol=0
  240/400 blocks  152s  trials=6506511 viol=0
  250/400 blocks  159s  trials=6777116 viol=0
  260/400 blocks  166s  trials=7041760 viol=0
  270/400 blocks  173s  trials=7316786 viol=0
  280/400 blocks  180s  trials=7583514 viol=0
  290/400 blocks  187s  trials=7857249 viol=0
  300/400 blocks  195s  trials=8129203 viol=0
  310/400 blocks  202s  trials=8400839 viol=0
  320/400 blocks  209s  trials=8675105 viol=0
  330/400 blocks  217s  trials=8946937 viol=0
  340/400 blocks  224s  trials=9211530 viol=0
  350/400 blocks  231s  trials=9483259 viol=0
  360/400 blocks  238s  trials=9752718 viol=0
  370/400 blocks  246s  trials=10026786 viol=0
  380/400 blocks  253s  trials=10297427 viol=0
  390/400 blocks  259s  trials=10570733 viol=0
  400/400 blocks  266s  trials=10839188 viol=0
{
 "abort": 103391,
 "abort_unamen": 103391,
 "checks": 17684624,
 "clean_trials": 10735797,
 "ctrl_abort": 15288,
 "ctrl_moved": 1042096,
 "ctrl_report": 2730340,
 "ctrl_trial": 2745628,
 "ctrl_violating": 622737,
 "ctrl_violating_allD": 622737,
 "ctrl_violating_moved": 622737,
 "draw": 40000,
 "draw_skipped_bigclass": 17,
 "ext_hist_1": 19845,
 "ext_hist_10": 368,
 "ext_hist_11": 19,
 "ext_hist_12": 306,
 "ext_hist_13": 73,
 "ext_hist_14": 93,
 "ext_hist_15": 38,
 "ext_hist_16": 106,
 "ext_hist_17": 5,
 "ext_hist_18": 52,
 "ext_hist_2": 8155,
 "ext_hist_20": 72,
 "ext_hist_21": 13,
 "ext_hist_22": 1,
 "ext_hist_23": 1,
 "ext_hist_24": 264,
 "ext_hist_3": 3121,
 "ext_hist_4": 2967,
 "ext_hist_5": 477,
 "ext_hist_6": 1448,
 "ext_hist_7": 115,
 "ext_hist_8": 801,
 "ext_hist_9": 129,
 "ext_max": 156,
 "ext_total": 103539,
 "mpdag": 39983,
 "query_all": 2238992,
 "query_amenable": 468383,
 "rej_conflict": 0,
 "rej_cycle": 176558,
 "rej_notext": 176558,
 "report": 10735797,
 "report_moved": 1774275,
 "report_multiD": 3396491,
 "report_multiD_moved": 609479,
 "report_same": 8961522,
 "stmt_all": 1274034,
 "stmt_coherent": 1097476,
 "stmt_rejected": 176558,
 "trial": 10839188,
 "violating_trials": 0
}
VIOLATIONS: 0 trials / 0 (x,y,O*) keys   -> results/cfirewall_p8_sample.json
