  it=0
  it=200
  it=400
  it=600
  it=800
  it=1000
  it=1200
  it=1400
  it=1600
  it=1800
  it=2000
  it=2200
  it=2400
  it=2600
  it=2800
elapsed 2450.129452943802
R|POS|POS|True 12902
R|REFUSE|POS|False 13988
R|REFUSE|POS|True 3948
R|REFUSE|REFUSE|None 25904
R|REFUSE|ZERO|False 6996
R|REFUSE|ZERO|True 9269
R|ZERO|ZERO|True 90939
R_fg_dmin|0 13082
R_fg_dmin|1 893
R_fg_dmin|2 13
S1|POS|POS|True 498302
S1|POS|REFUSE|None 8307
S1|REFUSE|POS|False 24895
S1|REFUSE|POS|True 24572
S1|REFUSE|REFUSE|None 341576
S1|REFUSE|ZERO|False 16601
S1|REFUSE|ZERO|True 39388
S1|ZERO|POS|True 141739
S1|ZERO|REFUSE|None 32497
S1|ZERO|ZERO|True 2279727
S1_fg_dmin|0 18706
S1_fg_dmin|1 5999
S1_fg_dmin|2 181
S1_fg_dmin|3 9
S1rej|POS|POS|False 14014
S1rej|POS|POS|True 69842
S1rej|POS|REFUSE|None 709
S1rej|REFUSE|POS|False 23249
S1rej|REFUSE|POS|True 13737
S1rej|REFUSE|REFUSE|None 19636
S1rej|REFUSE|ZERO|False 1817
S1rej|REFUSE|ZERO|True 6629
S1rej|ZERO|POS|False 50414
S1rej|ZERO|POS|True 12753
S1rej|ZERO|REFUSE|None 3036
S1rej|ZERO|ZERO|True 163636
base|POS|True 22138
base|REFUSE|None 19479
base|ZERO|True 87433
MAXD {'S1_falsegain': 3.0, 'R_falsegain': 2.0}
