2026-09-22T12:49:52Z | === elicited-knowledge survival panel ===
2026-09-22T12:49:52Z | out_dir=results/axis_robustness_llm elicit=results/elicit/knowledge.json n_draws=1000 workers=8
2026-09-22T12:49:52Z | git=29e6c09153ef88196e0c84c7e7ae86e9716f0c70 branch=revision/survival_on_llm
2026-09-22T12:49:52Z | python=Python 3.14.7
2026-09-22T12:49:52Z | --- stage 1/4: manifest ---
{
  "n_shards": 240,
  "n_conditions": 10,
  "n_frame_networks": 25,
  "n_distinct_pairs": 543,
  "networks_absent_from_bundle": [
    "pathfinder"
  ],
  "cells_not_elicited": [
    [
      "D_LLM",
      "pathfinder"
    ],
    [
      "D_LLM_32B",
      "pathfinder"
    ],
    [
      "D_LLM_72B",
      "pathfinder"
    ],
    [
      "D_LLM_72B_INSTR",
      "pathfinder"
    ],
    [
      "D_LLM_GEMMA_27B",
      "pathfinder"
    ],
    [
      "D_LLM_INSTR",
      "pathfinder"
    ],
    [
      "D_LLM_SRC",
      "pathfinder"
    ],
    [
      "D_LLM_SRC_70B",
      "pathfinder"
    ],
    [
      "D_SCRAMBLED",
      "pathfinder"
    ],
    [
      "D_SCRAMBLED_72B",
      "pathfinder"
    ]
  ],
  "knowledge_json_sha256": "45119393225fee57ed1dd4c002130f805d6a655c2ee7648006470918c2dfc7bb"
}
2026-09-22T12:49:52Z | --- stage 2/4: pending shards ---
{"total": 240, "done": 0, "pending": 240}
2026-09-22T12:49:53Z | --- stage 3/4: sweep (each shard is its own process; a failure is logged, never fatal) ---
pool: 240 pending of 240, 8 workers
[       0s] start llm__D_LLM_72B_INSTR__diabetes
[       0s] start llm__D_LLM_72B__diabetes
[       0s] start llm__D_LLM_GEMMA_27B__diabetes
[       0s] start llm__D_LLM_SRC_70B__diabetes
[       0s] start llm__D_LLM_SRC__diabetes
[       0s] start llm__D_LLM__diabetes
[       0s] start llm__D_SCRAMBLED__diabetes
[       0s] start llm__D_LLM_32B__arth150
[       1s] done  llm__D_LLM_32B__arth150 (rc=0, 1/240 finished, 232 queued)
[       1s] start llm__D_LLM_72B_INSTR__arth150
[       2s] done  llm__D_LLM_72B_INSTR__diabetes (rc=0, 2/240 finished, 231 queued)
[       2s] done  llm__D_LLM_GEMMA_27B__diabetes (rc=0, 3/240 finished, 231 queued)
[       2s] done  llm__D_LLM__diabetes (rc=0, 4/240 finished, 231 queued)
[       2s] done  llm__D_SCRAMBLED__diabetes (rc=0, 5/240 finished, 231 queued)
[       2s] done  llm__D_LLM_72B_INSTR__arth150 (rc=0, 6/240 finished, 231 queued)
[       2s] start llm__D_LLM_72B__arth150
[       2s] start llm__D_LLM_SRC__arth150
[       2s] start llm__D_LLM__arth150
[       2s] start llm__D_LLM_72B__insurance
[       2s] start llm__D_LLM_SRC__insurance
[       3s] done  llm__D_LLM_72B__arth150 (rc=0, 7/240 finished, 226 queued)
[       3s] done  llm__D_LLM__arth150 (rc=0, 8/240 finished, 226 queued)
[       3s] start llm__D_LLM_INSTR__diabetes
[       3s] start llm__D_LLM_SRC_70B__insurance
[       5s] done  llm__D_LLM_INSTR__diabetes (rc=0, 9/240 finished, 224 queued)
[       5s] start llm__D_SCRAMBLED_72B__insurance
[       6s] done  llm__D_LLM_SRC__insurance (rc=0, 10/240 finished, 223 queued)
[       6s] done  llm__D_LLM_SRC_70B__insurance (rc=0, 11/240 finished, 223 queued)
[       6s] start llm__D_SCRAMBLED_72B__arth150
[       6s] start llm__D_LLM_32B__insurance
[       7s] done  llm__D_SCRAMBLED_72B__arth150 (rc=0, 12/240 finished, 221 queued)
[       7s] start llm__D_LLM_32B__barley
[       8s] done  llm__D_SCRAMBLED_72B__insurance (rc=0, 13/240 finished, 220 queued)
[       8s] start llm__D_LLM_72B_INSTR__barley
[       9s] done  llm__D_LLM_32B__barley (rc=0, 14/240 finished, 219 queued)
[       9s] start llm__D_LLM__barley
[      10s] done  llm__D_LLM_72B_INSTR__barley (rc=0, 15/240 finished, 218 queued)
[      10s] start llm__D_LLM_72B_INSTR__insurance
[      11s] done  llm__D_LLM_32B__insurance (rc=0, 16/240 finished, 217 queued)
[      11s] done  llm__D_LLM__barley (rc=0, 17/240 finished, 217 queued)
[      11s] start llm__D_SCRAMBLED__insurance
[      11s] start llm__D_LLM_32B__diabetes
[      13s] done  llm__D_LLM_32B__diabetes (rc=0, 18/240 finished, 215 queued)
[      13s] start llm__D_LLM_72B__barley
[      15s] done  llm__D_LLM_72B__insurance (rc=0, 19/240 finished, 214 queued)
[      15s] done  llm__D_LLM_72B__barley (rc=0, 20/240 finished, 214 queued)
[      15s] start llm__D_LLM_INSTR__insurance
[      15s] start llm__D_LLM__insurance
[      23s] done  llm__D_LLM__insurance (rc=0, 21/240 finished, 212 queued)
[      23s] start llm__D_LLM_GEMMA_27B__Polzer_2012
[      25s] done  llm__D_LLM_72B_INSTR__insurance (rc=0, 22/240 finished, 211 queued)
[      25s] done  llm__D_LLM_GEMMA_27B__Polzer_2012 (rc=0, 23/240 finished, 211 queued)
[      25s] start llm__D_LLM_GEMMA_27B__barley
[      25s] start llm__D_LLM_72B__Polzer_2012
[      26s] done  llm__D_LLM_GEMMA_27B__barley (rc=0, 24/240 finished, 209 queued)
[      26s] start llm__D_LLM_SRC_70B__Polzer_2012
[      27s] done  llm__D_LLM_72B__Polzer_2012 (rc=0, 25/240 finished, 208 queued)
[      27s] start llm__D_SCRAMBLED_72B__Polzer_2012
[      28s] done  llm__D_LLM_SRC_70B__Polzer_2012 (rc=0, 26/240 finished, 207 queued)
[      28s] start llm__D_LLM_GEMMA_27B__arth150
[      29s] done  llm__D_SCRAMBLED_72B__Polzer_2012 (rc=0, 27/240 finished, 206 queued)
[      29s] done  llm__D_LLM_GEMMA_27B__arth150 (rc=0, 28/240 finished, 206 queued)
[      29s] start llm__D_SCRAMBLED_72B__diabetes
[      29s] start llm__D_LLM_32B__ecoli70
[      31s] done  llm__D_SCRAMBLED_72B__diabetes (rc=0, 29/240 finished, 204 queued)
[      31s] start llm__D_LLM_72B__ecoli70
[      37s] done  llm__D_SCRAMBLED__insurance (rc=0, 30/240 finished, 203 queued)
[      37s] start llm__D_LLM_GEMMA_27B__ecoli70
[      44s] done  llm__D_LLM_INSTR__insurance (rc=0, 31/240 finished, 202 queued)
[      44s] start llm__D_LLM_SRC_70B__ecoli70
[      71s] done  llm__D_LLM_GEMMA_27B__ecoli70 (rc=0, 32/240 finished, 201 queued)
[      71s] start llm__D_LLM__ecoli70
[      80s] done  llm__D_LLM_72B__ecoli70 (rc=0, 33/240 finished, 200 queued)
[      80s] start llm__D_SCRAMBLED_72B__ecoli70
[      83s] done  llm__D_LLM_32B__ecoli70 (rc=0, 34/240 finished, 199 queued)
[      83s] start llm__D_SCRAMBLED__ecoli70
[      84s] done  llm__D_LLM_SRC_70B__ecoli70 (rc=0, 35/240 finished, 198 queued)
[      84s] done  llm__D_LLM__ecoli70 (rc=0, 36/240 finished, 198 queued)
[      84s] start llm__D_LLM_SRC_70B__barley
[      84s] start llm__D_SCRAMBLED_72B__barley
[      85s] done  llm__D_LLM_SRC_70B__barley (rc=0, 37/240 finished, 196 queued)
[      85s] done  llm__D_SCRAMBLED_72B__barley (rc=0, 38/240 finished, 196 queued)
[      85s] start llm__D_LLM_INSTR__arth150
[      85s] start llm__D_LLM_SRC_70B__arth150
[      86s] done  llm__D_LLM_INSTR__arth150 (rc=0, 39/240 finished, 194 queued)
[      86s] done  llm__D_LLM_SRC_70B__arth150 (rc=0, 40/240 finished, 194 queued)
[      86s] start llm__D_LLM_72B_INSTR__Kampen_2014
[      86s] start llm__D_LLM_72B__Kampen_2014
[      88s] done  llm__D_LLM_72B_INSTR__Kampen_2014 (rc=0, 41/240 finished, 192 queued)
[      88s] start llm__D_LLM_SRC_70B__Kampen_2014
[      89s] done  llm__D_LLM_72B__Kampen_2014 (rc=0, 42/240 finished, 191 queued)
[      89s] start llm__D_SCRAMBLED_72B__Kampen_2014
[      91s] done  llm__D_LLM_SRC_70B__Kampen_2014 (rc=0, 43/240 finished, 190 queued)
[      91s] done  llm__D_SCRAMBLED_72B__Kampen_2014 (rc=0, 44/240 finished, 190 queued)
[      91s] start llm__D_LLM_INSTR__barley
[      91s] start llm__D_SCRAMBLED__Polzer_2012
[      92s] done  llm__D_SCRAMBLED__Polzer_2012 (rc=0, 45/240 finished, 188 queued)
[      92s] start llm__D_LLM_32B__Kampen_2014
[      93s] done  llm__D_LLM_INSTR__barley (rc=0, 46/240 finished, 187 queued)
[      93s] done  llm__D_LLM_32B__Kampen_2014 (rc=0, 47/240 finished, 187 queued)
[      93s] start llm__D_LLM_INSTR__Kampen_2014
[      93s] start llm__D_SCRAMBLED__Kampen_2014
[      94s] done  llm__D_LLM_INSTR__Kampen_2014 (rc=0, 48/240 finished, 185 queued)
[      94s] done  llm__D_SCRAMBLED__Kampen_2014 (rc=0, 49/240 finished, 185 queued)
[      94s] start llm__D_LLM_INSTR__hailfinder
[      94s] start llm__D_LLM_SRC_70B__hailfinder
[     108s] done  llm__D_SCRAMBLED__ecoli70 (rc=0, 50/240 finished, 183 queued)
[     108s] start llm__D_LLM_SRC__hailfinder
[     114s] done  llm__D_SCRAMBLED_72B__ecoli70 (rc=0, 51/240 finished, 182 queued)
[     114s] start llm__D_LLM__hailfinder
[     127s] done  llm__D_LLM_SRC_70B__hailfinder (rc=0, 52/240 finished, 181 queued)
[     127s] start llm__D_SCRAMBLED_72B__hailfinder
[     128s] done  llm__D_LLM_INSTR__hailfinder (rc=0, 53/240 finished, 180 queued)
[     128s] start llm__D_LLM_GEMMA_27B__Kampen_2014
[     129s] done  llm__D_LLM_GEMMA_27B__Kampen_2014 (rc=0, 54/240 finished, 179 queued)
[     129s] start llm__D_LLM__Kampen_2014
[     130s] done  llm__D_LLM__Kampen_2014 (rc=0, 55/240 finished, 178 queued)
[     130s] start llm__D_LLM_32B__paths
[     133s] done  llm__D_LLM_SRC__hailfinder (rc=0, 56/240 finished, 177 queued)
[     133s] start llm__D_LLM_72B_INSTR__paths
[     135s] done  llm__D_LLM__hailfinder (rc=0, 57/240 finished, 176 queued)
[     135s] start llm__D_LLM_72B__paths
[     136s] done  llm__D_LLM_32B__paths (rc=0, 58/240 finished, 175 queued)
[     136s] start llm__D_LLM_INSTR__paths
[     139s] done  llm__D_LLM_72B_INSTR__paths (rc=0, 59/240 finished, 174 queued)
[     139s] start llm__D_LLM_SRC_70B__paths
[     141s] done  llm__D_LLM_72B__paths (rc=0, 60/240 finished, 173 queued)
[     141s] start llm__D_LLM_SRC__paths
[     142s] done  llm__D_LLM_INSTR__paths (rc=0, 61/240 finished, 172 queued)
[     142s] start llm__D_LLM__paths
[     145s] done  llm__D_LLM_SRC_70B__paths (rc=0, 62/240 finished, 171 queued)
[     145s] start llm__D_LLM_GEMMA_27B__magic-niab
[     146s] done  llm__D_LLM_SRC__paths (rc=0, 63/240 finished, 170 queued)
[     146s] done  llm__D_LLM__paths (rc=0, 64/240 finished, 170 queued)
[     146s] start llm__D_LLM_72B_INSTR__Polzer_2012
[     146s] start llm__D_LLM_SRC__Polzer_2012
[     147s] done  llm__D_LLM_GEMMA_27B__magic-niab (rc=0, 65/240 finished, 168 queued)
[     147s] done  llm__D_LLM_72B_INSTR__Polzer_2012 (rc=0, 66/240 finished, 168 queued)
[     147s] done  llm__D_LLM_SRC__Polzer_2012 (rc=0, 67/240 finished, 168 queued)
[     147s] start llm__D_LLM__Polzer_2012
[     147s] start llm__D_SCRAMBLED__arth150
[     147s] start llm__D_LLM_72B_INSTR__child
[     148s] done  llm__D_LLM__Polzer_2012 (rc=0, 68/240 finished, 165 queued)
[     148s] done  llm__D_SCRAMBLED__arth150 (rc=0, 69/240 finished, 165 queued)
[     148s] start llm__D_LLM_GEMMA_27B__child
[     148s] start llm__D_LLM_SRC_70B__child
[     149s] done  llm__D_LLM_72B_INSTR__child (rc=0, 70/240 finished, 163 queued)
[     149s] start llm__D_SCRAMBLED_72B__child
[     151s] done  llm__D_LLM_GEMMA_27B__child (rc=0, 71/240 finished, 162 queued)
[     151s] done  llm__D_LLM_SRC_70B__child (rc=0, 72/240 finished, 162 queued)
[     151s] done  llm__D_SCRAMBLED_72B__child (rc=0, 73/240 finished, 162 queued)
[     151s] start llm__D_LLM_SRC_70B__magic-niab
[     151s] start llm__D_LLM_INSTR__ecoli70
[     151s] start llm__D_LLM_SRC__magic-niab
[     152s] done  llm__D_LLM_INSTR__ecoli70 (rc=0, 74/240 finished, 159 queued)
[     152s] start llm__D_LLM_GEMMA_27B__magic-irri
[     153s] done  llm__D_LLM_SRC_70B__magic-niab (rc=0, 75/240 finished, 158 queued)
[     153s] done  llm__D_LLM_SRC__magic-niab (rc=0, 76/240 finished, 158 queued)
[     153s] start llm__D_LLM_SRC__magic-irri
[     153s] start llm__D_LLM_72B__child
[     154s] done  llm__D_LLM_72B__child (rc=0, 77/240 finished, 156 queued)
[     154s] start llm__D_LLM_SRC__ecoli70
[     155s] done  llm__D_LLM_SRC__ecoli70 (rc=0, 78/240 finished, 155 queued)
[     155s] start llm__D_LLM_72B_INSTR__magic-irri
[     157s] done  llm__D_LLM_GEMMA_27B__magic-irri (rc=0, 79/240 finished, 154 queued)
[     157s] done  llm__D_LLM_72B_INSTR__magic-irri (rc=0, 80/240 finished, 154 queued)
[     157s] start llm__D_LLM_72B_INSTR__magic-niab
[     157s] start llm__D_LLM_72B__magic-niab
[     158s] done  llm__D_LLM_SRC__magic-irri (rc=0, 81/240 finished, 152 queued)
[     158s] done  llm__D_LLM_72B_INSTR__magic-niab (rc=0, 82/240 finished, 152 queued)
[     158s] done  llm__D_LLM_72B__magic-niab (rc=0, 83/240 finished, 152 queued)
[     158s] start llm__D_LLM_72B_INSTR__sachs
[     158s] start llm__D_LLM_SRC_70B__sachs
[     158s] start llm__D_LLM_32B__child
[     159s] done  llm__D_LLM_32B__child (rc=0, 84/240 finished, 149 queued)
[     159s] start llm__D_LLM_INSTR__sachs
[     160s] done  llm__D_SCRAMBLED_72B__hailfinder (rc=0, 85/240 finished, 148 queued)
[     160s] start llm__D_SCRAMBLED__hailfinder
[     161s] done  llm__D_LLM_INSTR__sachs (rc=0, 86/240 finished, 147 queued)
[     161s] start llm__D_LLM_INSTR__magic-niab
[     162s] done  llm__D_LLM_72B_INSTR__sachs (rc=0, 87/240 finished, 146 queued)
[     162s] done  llm__D_LLM_SRC_70B__sachs (rc=0, 88/240 finished, 146 queued)
[     162s] done  llm__D_LLM_INSTR__magic-niab (rc=0, 89/240 finished, 146 queued)
[     162s] start llm__D_LLM_72B__magic-irri
[     162s] start llm__D_LLM_INSTR__magic-irri
[     162s] start llm__D_LLM__magic-irri
[     163s] done  llm__D_LLM_72B__magic-irri (rc=0, 90/240 finished, 143 queued)
[     163s] done  llm__D_LLM_INSTR__magic-irri (rc=0, 91/240 finished, 143 queued)
[     163s] start llm__D_SCRAMBLED__magic-irri
[     163s] start llm__D_SCRAMBLED__sachs
[     164s] done  llm__D_LLM__magic-irri (rc=0, 92/240 finished, 141 queued)
[     164s] done  llm__D_SCRAMBLED__magic-irri (rc=0, 93/240 finished, 141 queued)
[     164s] done  llm__D_SCRAMBLED__sachs (rc=0, 94/240 finished, 141 queued)
[     164s] start llm__D_LLM_72B_INSTR__ecoli70
[     164s] start llm__D_SCRAMBLED_72B__paths
[     165s] start llm__D_LLM_32B__Polzer_2012
[     166s] done  llm__D_LLM_72B_INSTR__ecoli70 (rc=0, 95/240 finished, 138 queued)
[     166s] done  llm__D_LLM_32B__Polzer_2012 (rc=0, 96/240 finished, 138 queued)
[     166s] start llm__D_LLM_INSTR__Polzer_2012
[     166s] start llm__D_LLM_GEMMA_27B__insurance
[     167s] done  llm__D_SCRAMBLED__hailfinder (rc=0, 97/240 finished, 136 queued)
[     167s] done  llm__D_SCRAMBLED_72B__paths (rc=0, 98/240 finished, 136 queued)
[     167s] done  llm__D_LLM_INSTR__Polzer_2012 (rc=0, 99/240 finished, 136 queued)
[     167s] done  llm__D_LLM_GEMMA_27B__insurance (rc=0, 100/240 finished, 136 queued)
[     167s] start llm__D_LLM_32B__sachs
[     167s] start llm__D_LLM_GEMMA_27B__sachs
[     167s] start llm__D_LLM_INSTR__child
[     167s] start llm__D_LLM__magic-niab
[     168s] done  llm__D_LLM_32B__sachs (rc=0, 101/240 finished, 132 queued)
[     168s] done  llm__D_LLM_GEMMA_27B__sachs (rc=0, 102/240 finished, 132 queued)
[     168s] done  llm__D_LLM_INSTR__child (rc=0, 103/240 finished, 132 queued)
[     168s] done  llm__D_LLM__magic-niab (rc=0, 104/240 finished, 132 queued)
[     168s] start llm__D_SCRAMBLED_72B__magic-niab
[     168s] start llm__D_LLM_32B__munin1
[     168s] start llm__D_LLM_72B__munin1
[     168s] start llm__D_LLM_SRC_70B__munin1
[     169s] done  llm__D_SCRAMBLED_72B__magic-niab (rc=0, 105/240 finished, 128 queued)
[     169s] start llm__D_LLM_32B__water
[     170s] done  llm__D_LLM_32B__munin1 (rc=0, 106/240 finished, 127 queued)
[     170s] done  llm__D_LLM_72B__munin1 (rc=0, 107/240 finished, 127 queued)
[     170s] done  llm__D_LLM_SRC_70B__munin1 (rc=0, 108/240 finished, 127 queued)
[     170s] done  llm__D_LLM_32B__water (rc=0, 109/240 finished, 127 queued)
[     170s] start llm__D_LLM_72B_INSTR__water
[     170s] start llm__D_LLM_72B__water
[     170s] start llm__D_LLM_GEMMA_27B__water
[     170s] start llm__D_LLM_SRC_70B__water
[     171s] done  llm__D_LLM_72B_INSTR__water (rc=0, 110/240 finished, 123 queued)
[     171s] done  llm__D_LLM_72B__water (rc=0, 111/240 finished, 123 queued)
[     171s] done  llm__D_LLM_GEMMA_27B__water (rc=0, 112/240 finished, 123 queued)
[     171s] done  llm__D_LLM_SRC_70B__water (rc=0, 113/240 finished, 123 queued)
[     171s] start llm__D_LLM_SRC__water
[     171s] start llm__D_SCRAMBLED_72B__water
[     171s] start llm__D_LLM_SRC__barley
[     171s] start llm__D_SCRAMBLED__barley
[     172s] done  llm__D_LLM_SRC__water (rc=0, 114/240 finished, 119 queued)
[     172s] done  llm__D_SCRAMBLED_72B__water (rc=0, 115/240 finished, 119 queued)
[     172s] start llm__D_SCRAMBLED__paths
[     172s] start llm__D_LLM_32B__hepar2
[     173s] done  llm__D_LLM_32B__hepar2 (rc=0, 116/240 finished, 117 queued)
[     173s] start llm__D_LLM_72B_INSTR__hepar2
[     174s] done  llm__D_LLM_SRC__barley (rc=0, 117/240 finished, 116 queued)
[     174s] done  llm__D_LLM_72B_INSTR__hepar2 (rc=0, 118/240 finished, 116 queued)
[     174s] start llm__D_LLM_72B__hepar2
[     174s] start llm__D_LLM_GEMMA_27B__hepar2
[     175s] done  llm__D_SCRAMBLED__paths (rc=0, 119/240 finished, 114 queued)
[     175s] done  llm__D_LLM_72B__hepar2 (rc=0, 120/240 finished, 114 queued)
[     175s] done  llm__D_LLM_GEMMA_27B__hepar2 (rc=0, 121/240 finished, 114 queued)
[     175s] start llm__D_LLM_SRC_70B__hepar2
[     175s] start llm__D_LLM_SRC__hepar2
[     175s] start llm__D_LLM_32B__win95pts
[     176s] done  llm__D_SCRAMBLED__barley (rc=0, 122/240 finished, 111 queued)
[     176s] done  llm__D_LLM_SRC_70B__hepar2 (rc=0, 123/240 finished, 111 queued)
[     176s] done  llm__D_LLM_SRC__hepar2 (rc=0, 124/240 finished, 111 queued)
[     176s] start llm__D_LLM_72B_INSTR__win95pts
[     176s] start llm__D_LLM_72B__win95pts
[     176s] start llm__D_LLM_GEMMA_27B__win95pts
[     181s] done  llm__D_LLM_GEMMA_27B__win95pts (rc=0, 125/240 finished, 108 queued)
[     181s] start llm__D_LLM_SRC_70B__win95pts
[     182s] done  llm__D_LLM_32B__win95pts (rc=0, 126/240 finished, 107 queued)
[     182s] start llm__D_LLM_SRC__win95pts
[     183s] done  llm__D_LLM_72B_INSTR__win95pts (rc=0, 127/240 finished, 106 queued)
[     183s] done  llm__D_LLM_72B__win95pts (rc=0, 128/240 finished, 106 queued)
[     183s] start llm__D_LLM_32B__Schipf_2010
[     183s] start llm__D_LLM_72B__Schipf_2010
[     184s] done  llm__D_LLM_32B__Schipf_2010 (rc=0, 129/240 finished, 104 queued)
[     184s] done  llm__D_LLM_72B__Schipf_2010 (rc=0, 130/240 finished, 104 queued)
[     184s] start llm__D_LLM_72B_INSTR__munin1
[     184s] start llm__D_LLM_SRC__child
[     185s] done  llm__D_LLM_SRC__child (rc=0, 131/240 finished, 102 queued)
[     185s] start llm__D_SCRAMBLED__child
[     186s] done  llm__D_LLM_SRC__win95pts (rc=0, 132/240 finished, 101 queued)
[     186s] done  llm__D_LLM_72B_INSTR__munin1 (rc=0, 133/240 finished, 101 queued)
[     186s] done  llm__D_SCRAMBLED__child (rc=0, 134/240 finished, 101 queued)
[     186s] start llm__D_LLM__water
[     186s] start llm__D_SCRAMBLED__magic-niab
[     186s] start llm__D_LLM_72B__sachs
[     187s] done  llm__D_LLM__water (rc=0, 135/240 finished, 98 queued)
[     187s] done  llm__D_SCRAMBLED__magic-niab (rc=0, 136/240 finished, 98 queued)
[     187s] done  llm__D_LLM_72B__sachs (rc=0, 137/240 finished, 98 queued)
[     187s] start llm__D_LLM_SRC__sachs
[     187s] start llm__D_LLM_GEMMA_27B__munin1
[     187s] start llm__D_LLM_72B_INSTR__Schipf_2010
[     188s] done  llm__D_LLM_SRC_70B__win95pts (rc=0, 138/240 finished, 95 queued)
[     188s] done  llm__D_LLM_SRC__sachs (rc=0, 139/240 finished, 95 queued)
[     188s] done  llm__D_LLM_GEMMA_27B__munin1 (rc=0, 140/240 finished, 95 queued)
[     188s] done  llm__D_LLM_72B_INSTR__Schipf_2010 (rc=0, 141/240 finished, 95 queued)
[     188s] start llm__D_LLM__Schipf_2010
[     188s] start llm__D_SCRAMBLED_72B__Schipf_2010
[     188s] start llm__D_LLM__hepar2
[     188s] start llm__D_SCRAMBLED_72B__hepar2
[     189s] done  llm__D_LLM__Schipf_2010 (rc=0, 142/240 finished, 91 queued)
[     189s] done  llm__D_SCRAMBLED_72B__Schipf_2010 (rc=0, 143/240 finished, 91 queued)
[     189s] done  llm__D_LLM__hepar2 (rc=0, 144/240 finished, 91 queued)
[     189s] done  llm__D_SCRAMBLED_72B__hepar2 (rc=0, 145/240 finished, 91 queued)
[     189s] start llm__D_SCRAMBLED__win95pts
[     189s] start llm__D_LLM_GEMMA_27B__Schipf_2010
[     189s] start llm__D_LLM_INSTR__Schipf_2010
[     189s] start llm__D_LLM_SRC__Schipf_2010
[     190s] done  llm__D_SCRAMBLED__win95pts (rc=0, 146/240 finished, 87 queued)
[     190s] done  llm__D_LLM_GEMMA_27B__Schipf_2010 (rc=0, 147/240 finished, 87 queued)
[     190s] done  llm__D_LLM_INSTR__Schipf_2010 (rc=0, 148/240 finished, 87 queued)
[     190s] done  llm__D_LLM_SRC__Schipf_2010 (rc=0, 149/240 finished, 87 queued)
[     190s] start llm__D_SCRAMBLED__Schipf_2010
[     190s] start llm__D_LLM__win95pts
[     190s] start llm__D_LLM_32B__magic-irri
[     190s] start llm__D_LLM_SRC_70B__magic-irri
[     191s] done  llm__D_SCRAMBLED__Schipf_2010 (rc=0, 150/240 finished, 83 queued)
[     191s] done  llm__D_LLM__win95pts (rc=0, 151/240 finished, 83 queued)
[     191s] start llm__D_SCRAMBLED_72B__magic-irri
[     191s] start llm__D_LLM_SRC__munin1
[     192s] done  llm__D_LLM_32B__magic-irri (rc=0, 152/240 finished, 81 queued)
[     192s] done  llm__D_LLM_SRC_70B__magic-irri (rc=0, 153/240 finished, 81 queued)
[     192s] done  llm__D_LLM_SRC__munin1 (rc=0, 154/240 finished, 81 queued)
[     192s] start llm__D_SCRAMBLED_72B__munin1
[     192s] start llm__D_SCRAMBLED__munin1
[     192s] start llm__D_LLM_INSTR__water
[     193s] done  llm__D_SCRAMBLED_72B__magic-irri (rc=0, 155/240 finished, 78 queued)
[     193s] done  llm__D_SCRAMBLED_72B__munin1 (rc=0, 156/240 finished, 78 queued)
[     193s] done  llm__D_SCRAMBLED__munin1 (rc=0, 157/240 finished, 78 queued)
[     193s] done  llm__D_LLM_INSTR__water (rc=0, 158/240 finished, 78 queued)
[     193s] start llm__D_SCRAMBLED__water
[     193s] start llm__D_LLM_72B__Sebastiani_2005
[     193s] start llm__D_LLM_GEMMA_27B__Sebastiani_2005
[     193s] start llm__D_SCRAMBLED_72B__win95pts
[     194s] done  llm__D_SCRAMBLED__water (rc=0, 159/240 finished, 74 queued)
[     194s] done  llm__D_LLM_72B__Sebastiani_2005 (rc=0, 160/240 finished, 74 queued)
[     194s] done  llm__D_LLM_GEMMA_27B__Sebastiani_2005 (rc=0, 161/240 finished, 74 queued)
[     194s] done  llm__D_SCRAMBLED_72B__win95pts (rc=0, 162/240 finished, 74 queued)
[     194s] start llm__D_LLM_72B_INSTR__Sebastiani_2005
[     194s] start llm__D_LLM_SRC_70B__Sebastiani_2005
[     194s] start llm__D_LLM_SRC__Sebastiani_2005
[     194s] start llm__D_LLM_INSTR__hepar2
[     195s] done  llm__D_LLM_72B_INSTR__Sebastiani_2005 (rc=0, 163/240 finished, 70 queued)
[     195s] done  llm__D_LLM_SRC_70B__Sebastiani_2005 (rc=0, 164/240 finished, 70 queued)
[     195s] done  llm__D_LLM_SRC__Sebastiani_2005 (rc=0, 165/240 finished, 70 queued)
[     195s] done  llm__D_LLM_INSTR__hepar2 (rc=0, 166/240 finished, 70 queued)
[     195s] start llm__D_SCRAMBLED__hepar2
[     195s] start llm__D_LLM_72B_INSTR__Didelez_2010
[     195s] start llm__D_LLM_72B__Didelez_2010
[     195s] start llm__D_LLM_GEMMA_27B__Didelez_2010
[     196s] done  llm__D_SCRAMBLED__hepar2 (rc=0, 167/240 finished, 66 queued)
[     196s] done  llm__D_LLM_72B_INSTR__Didelez_2010 (rc=0, 168/240 finished, 66 queued)
[     196s] done  llm__D_LLM_72B__Didelez_2010 (rc=0, 169/240 finished, 66 queued)
[     196s] done  llm__D_LLM_GEMMA_27B__Didelez_2010 (rc=0, 170/240 finished, 66 queued)
[     196s] start llm__D_LLM_SRC__Didelez_2010
[     196s] start llm__D_SCRAMBLED_72B__Didelez_2010
[     196s] start llm__D_SCRAMBLED__Sebastiani_2005
[     196s] start llm__D_LLM_32B__Shrier_2008
[     197s] done  llm__D_LLM_SRC__Didelez_2010 (rc=0, 171/240 finished, 62 queued)
[     197s] done  llm__D_SCRAMBLED_72B__Didelez_2010 (rc=0, 172/240 finished, 62 queued)
[     197s] done  llm__D_SCRAMBLED__Sebastiani_2005 (rc=0, 173/240 finished, 62 queued)
[     197s] done  llm__D_LLM_32B__Shrier_2008 (rc=0, 174/240 finished, 62 queued)
[     197s] start llm__D_LLM_72B_INSTR__Shrier_2008
[     197s] start llm__D_LLM_SRC_70B__Shrier_2008
[     197s] start llm__D_LLM_SRC__Shrier_2008
[     197s] start llm__D_SCRAMBLED_72B__sachs
[     198s] done  llm__D_LLM_72B_INSTR__Shrier_2008 (rc=0, 175/240 finished, 58 queued)
[     198s] done  llm__D_LLM_SRC_70B__Shrier_2008 (rc=0, 176/240 finished, 58 queued)
[     198s] done  llm__D_LLM_SRC__Shrier_2008 (rc=0, 177/240 finished, 58 queued)
[     198s] done  llm__D_SCRAMBLED_72B__sachs (rc=0, 178/240 finished, 58 queued)
[     198s] start llm__D_LLM_SRC__Kampen_2014
[     198s] start llm__D_LLM_32B__mediator
[     198s] start llm__D_LLM_72B_INSTR__mediator
[     198s] start llm__D_LLM_72B__mediator
[     199s] done  llm__D_LLM_SRC__Kampen_2014 (rc=0, 179/240 finished, 54 queued)
[     199s] done  llm__D_LLM_32B__mediator (rc=0, 180/240 finished, 54 queued)
[     199s] done  llm__D_LLM_72B_INSTR__mediator (rc=0, 181/240 finished, 54 queued)
[     199s] done  llm__D_LLM_72B__mediator (rc=0, 182/240 finished, 54 queued)
[     199s] start llm__D_LLM_GEMMA_27B__mediator
[     199s] start llm__D_LLM_SRC_70B__mediator
[     199s] start llm__D_LLM_32B__Sebastiani_2005
[     199s] start llm__D_LLM__Sebastiani_2005
[     200s] done  llm__D_LLM_GEMMA_27B__mediator (rc=0, 183/240 finished, 50 queued)
[     200s] done  llm__D_LLM_SRC_70B__mediator (rc=0, 184/240 finished, 50 queued)
[     200s] done  llm__D_LLM_32B__Sebastiani_2005 (rc=0, 185/240 finished, 50 queued)
[     200s] done  llm__D_LLM__Sebastiani_2005 (rc=0, 186/240 finished, 50 queued)
[     200s] start llm__D_LLM_32B__hailfinder
[     200s] start llm__D_LLM_72B_INSTR__hailfinder
[     200s] start llm__D_LLM_72B__hailfinder
[     200s] start llm__D_LLM_GEMMA_27B__hailfinder
[     201s] done  llm__D_LLM_32B__hailfinder (rc=0, 187/240 finished, 46 queued)
[     201s] done  llm__D_LLM_72B_INSTR__hailfinder (rc=0, 188/240 finished, 46 queued)
[     201s] done  llm__D_LLM_72B__hailfinder (rc=0, 189/240 finished, 46 queued)
[     201s] done  llm__D_LLM_GEMMA_27B__hailfinder (rc=0, 190/240 finished, 46 queued)
[     201s] start llm__D_LLM_32B__magic-niab
[     201s] start llm__D_LLM_INSTR__munin1
[     201s] start llm__D_LLM__munin1
[     201s] start llm__D_LLM__mediator
[     202s] done  llm__D_LLM_32B__magic-niab (rc=0, 191/240 finished, 42 queued)
[     202s] done  llm__D_LLM_INSTR__munin1 (rc=0, 192/240 finished, 42 queued)
[     202s] done  llm__D_LLM__munin1 (rc=0, 193/240 finished, 42 queued)
[     202s] done  llm__D_LLM__mediator (rc=0, 194/240 finished, 42 queued)
[     202s] start llm__D_LLM_GEMMA_27B__paths
[     202s] start llm__D_LLM_32B__Didelez_2010
[     202s] start llm__D_LLM_SRC_70B__Didelez_2010
[     202s] start llm__D_SCRAMBLED__Didelez_2010
[     203s] done  llm__D_LLM_GEMMA_27B__paths (rc=0, 195/240 finished, 38 queued)
[     203s] done  llm__D_LLM_32B__Didelez_2010 (rc=0, 196/240 finished, 38 queued)
[     203s] done  llm__D_LLM_SRC_70B__Didelez_2010 (rc=0, 197/240 finished, 38 queued)
[     203s] done  llm__D_SCRAMBLED__Didelez_2010 (rc=0, 198/240 finished, 38 queued)
[     203s] start llm__D_LLM__child
[     203s] start llm__D_LLM_72B__Shrier_2008
[     203s] start llm__D_LLM_GEMMA_27B__Shrier_2008
[     203s] start llm__D_LLM__Shrier_2008
[     204s] done  llm__D_LLM_SRC__arth150 (rc=0, 199/240 finished, 34 queued)
[     204s] done  llm__D_LLM__child (rc=0, 200/240 finished, 34 queued)
[     204s] done  llm__D_LLM_72B__Shrier_2008 (rc=0, 201/240 finished, 34 queued)
[     204s] done  llm__D_LLM_GEMMA_27B__Shrier_2008 (rc=0, 202/240 finished, 34 queued)
[     204s] done  llm__D_LLM__Shrier_2008 (rc=0, 203/240 finished, 34 queued)
[     204s] start llm__D_SCRAMBLED_72B__Shrier_2008
[     204s] start llm__D_LLM_INSTR__Sebastiani_2005
[     204s] start llm__D_SCRAMBLED_72B__Sebastiani_2005
[     204s] start llm__D_LLM_SRC__mediator
[     204s] start llm__D_SCRAMBLED_72B__mediator
[     205s] done  llm__D_SCRAMBLED_72B__Shrier_2008 (rc=0, 204/240 finished, 29 queued)
[     205s] done  llm__D_LLM_INSTR__Sebastiani_2005 (rc=0, 205/240 finished, 29 queued)
[     205s] done  llm__D_SCRAMBLED_72B__Sebastiani_2005 (rc=0, 206/240 finished, 29 queued)
[     205s] done  llm__D_LLM_SRC__mediator (rc=0, 207/240 finished, 29 queued)
[     205s] done  llm__D_SCRAMBLED_72B__mediator (rc=0, 208/240 finished, 29 queued)
[     205s] start llm__D_SCRAMBLED__mediator
[     205s] start llm__D_LLM__sachs
[     205s] start llm__D_LLM_SRC_70B__Schipf_2010
[     205s] start llm__D_LLM_32B__asia
[     205s] start llm__D_LLM_72B_INSTR__asia
[     206s] done  llm__D_SCRAMBLED__mediator (rc=0, 209/240 finished, 24 queued)
[     206s] done  llm__D_LLM__sachs (rc=0, 210/240 finished, 24 queued)
[     206s] done  llm__D_LLM_SRC_70B__Schipf_2010 (rc=0, 211/240 finished, 24 queued)
[     206s] done  llm__D_LLM_32B__asia (rc=0, 212/240 finished, 24 queued)
[     206s] done  llm__D_LLM_72B_INSTR__asia (rc=0, 213/240 finished, 24 queued)
[     206s] start llm__D_LLM_72B__asia
[     206s] start llm__D_LLM_GEMMA_27B__asia
[     206s] start llm__D_LLM_SRC_70B__asia
[     206s] start llm__D_LLM__asia
[     206s] start llm__D_LLM_32B__Acid_1996
[     207s] done  llm__D_LLM_72B__asia (rc=0, 214/240 finished, 19 queued)
[     207s] done  llm__D_LLM_GEMMA_27B__asia (rc=0, 215/240 finished, 19 queued)
[     207s] done  llm__D_LLM_SRC_70B__asia (rc=0, 216/240 finished, 19 queued)
[     207s] done  llm__D_LLM__asia (rc=0, 217/240 finished, 19 queued)
[     207s] done  llm__D_LLM_32B__Acid_1996 (rc=0, 218/240 finished, 19 queued)
[     207s] start llm__D_LLM_72B_INSTR__Acid_1996
[     207s] start llm__D_LLM_72B__Acid_1996
[     207s] start llm__D_LLM_GEMMA_27B__Acid_1996
[     207s] start llm__D_LLM_INSTR__Acid_1996
[     207s] start llm__D_LLM_SRC_70B__Acid_1996
[     208s] done  llm__D_LLM_72B_INSTR__Acid_1996 (rc=0, 219/240 finished, 14 queued)
[     208s] done  llm__D_LLM_72B__Acid_1996 (rc=0, 220/240 finished, 14 queued)
[     208s] done  llm__D_LLM_GEMMA_27B__Acid_1996 (rc=0, 221/240 finished, 14 queued)
[     208s] done  llm__D_LLM_INSTR__Acid_1996 (rc=0, 222/240 finished, 14 queued)
[     208s] done  llm__D_LLM_SRC_70B__Acid_1996 (rc=0, 223/240 finished, 14 queued)
[     208s] start llm__D_LLM_SRC__Acid_1996
[     208s] start llm__D_LLM__Acid_1996
[     208s] start llm__D_SCRAMBLED_72B__Acid_1996
[     208s] start llm__D_SCRAMBLED__Acid_1996
[     208s] start llm__D_LLM_INSTR__Didelez_2010
[     209s] done  llm__D_LLM_SRC__Acid_1996 (rc=0, 224/240 finished, 9 queued)
[     209s] done  llm__D_LLM__Acid_1996 (rc=0, 225/240 finished, 9 queued)
[     209s] done  llm__D_SCRAMBLED_72B__Acid_1996 (rc=0, 226/240 finished, 9 queued)
[     209s] done  llm__D_SCRAMBLED__Acid_1996 (rc=0, 227/240 finished, 9 queued)
[     209s] done  llm__D_LLM_INSTR__Didelez_2010 (rc=0, 228/240 finished, 9 queued)
[     209s] start llm__D_LLM__Didelez_2010
[     209s] start llm__D_LLM_INSTR__Shrier_2008
[     209s] start llm__D_SCRAMBLED__Shrier_2008
[     209s] start llm__D_LLM_SRC__asia
[     209s] start llm__D_SCRAMBLED_72B__asia
[     210s] done  llm__D_LLM__Didelez_2010 (rc=0, 229/240 finished, 4 queued)
[     210s] done  llm__D_LLM_INSTR__Shrier_2008 (rc=0, 230/240 finished, 4 queued)
[     210s] done  llm__D_SCRAMBLED__Shrier_2008 (rc=0, 231/240 finished, 4 queued)
[     210s] done  llm__D_LLM_SRC__asia (rc=0, 232/240 finished, 4 queued)
[     210s] done  llm__D_SCRAMBLED_72B__asia (rc=0, 233/240 finished, 4 queued)
[     210s] start llm__D_LLM_INSTR__win95pts
[     210s] start llm__D_LLM_INSTR__mediator
[     210s] start llm__D_LLM_INSTR__asia
[     210s] start llm__D_SCRAMBLED__asia
[     211s] done  llm__D_LLM_INSTR__mediator (rc=0, 234/240 finished, 0 queued)
[     211s] done  llm__D_LLM_INSTR__asia (rc=0, 235/240 finished, 0 queued)
[     211s] done  llm__D_SCRAMBLED__asia (rc=0, 236/240 finished, 0 queued)
[     212s] done  llm__D_LLM_INSTR__win95pts (rc=0, 237/240 finished, 0 queued)
[    2231s] done  llm__D_LLM_72B__diabetes (rc=0, 238/240 finished, 0 queued)
[    2258s] done  llm__D_LLM_SRC__diabetes (rc=0, 239/240 finished, 0 queued)
[    2284s] done  llm__D_LLM_SRC_70B__diabetes (rc=0, 240/240 finished, 0 queued)
{"failed": [], "n_failed": 0, "elapsed_s": 2284.4}
2026-09-22T13:27:57Z | sweep exit status: 0 (nonzero means at least one shard failed; see results/axis_robustness_llm/_logs)
2026-09-22T13:27:57Z | --- stage 4/4: analysis ---
loaded 240 shards, skipped 0
built 5400 units
  within_condition: 10 strata, 5400 units
  panel_pooled: 1 strata, 4320 units
  panel_balanced: 1 strata, 248 units
  control_scrambled: 1 strata, 1080 units
computed 156 tau rows
wrote analysis tables under results/axis_robustness_llm
2026-09-22T13:31:20Z | --- final status ---
{"total": 240, "done": 240, "pending": 0}
2026-09-22T13:31:20Z | done. log: results/axis_robustness_llm/_logs/panel_20260922T124952Z.log
