2026-09-22T12:49:19Z | === elicited-knowledge survival panel ===
2026-09-22T12:49:19Z | out_dir=results/axis_robustness_llm elicit=results/elicit/knowledge.json n_draws=1000 workers=8
2026-09-22T12:49:19Z | git=29e6c09153ef88196e0c84c7e7ae86e9716f0c70 branch=revision/survival_on_llm
2026-09-22T12:49:19Z | python=Python 3.14.7
2026-09-22T12:49:19Z | --- stage 1/4: manifest ---
{
  "n_shards": 240,
  "n_conditions": 10,
  "n_frame_networks": 25,
  "n_distinct_pairs": 543,
  "networks_absent_from_bundle": [
    "pathfinder"
  ],
  "cells_not_elicited": [
    [
      "D_LLM",
      "pathfinder"
    ],
    [
      "D_LLM_32B",
      "pathfinder"
    ],
    [
      "D_LLM_72B",
      "pathfinder"
    ],
    [
      "D_LLM_72B_INSTR",
      "pathfinder"
    ],
    [
      "D_LLM_GEMMA_27B",
      "pathfinder"
    ],
    [
      "D_LLM_INSTR",
      "pathfinder"
    ],
    [
      "D_LLM_SRC",
      "pathfinder"
    ],
    [
      "D_LLM_SRC_70B",
      "pathfinder"
    ],
    [
      "D_SCRAMBLED",
      "pathfinder"
    ],
    [
      "D_SCRAMBLED_72B",
      "pathfinder"
    ]
  ],
  "knowledge_json_sha256": "45119393225fee57ed1dd4c002130f805d6a655c2ee7648006470918c2dfc7bb"
}
2026-09-22T12:49:20Z | --- stage 2/4: pending shards ---
